2026-10-02 11:17:41,177 INFO notifyConnectTimeout:100

2026-10-02 11:17:41,190 INFO notifySocketTimeout:200

2026-10-02 11:17:41,191 INFO isHealthCheck:true

2026-10-02 11:17:41,191 INFO maxHealthCheckFailCount:12

2026-10-02 11:17:41,192 INFO maxContent:10485760

2026-10-02 11:17:48,530 INFO All dump page size is set to 100 according to mem limit 1024 MB

2026-10-02 11:17:48,535 WARN DumpService start

2026-10-02 11:17:48,538 INFO start clear all config-info.

2026-10-02 11:17:48,545 INFO clear all config-info success.

2026-10-02 11:17:48,549 INFO clear all config-info-tenant success.

2026-10-02 11:17:48,566 INFO start dump all config-info...

2026-10-02 11:17:48,567 INFO success to  dump all config-info。

2026-10-02 11:17:48,573 INFO start to clear all gray-config-info on startup.

2026-10-02 11:17:48,579 INFO clear all config-info-gray success.

2026-10-02 11:17:48,587 INFO clear all config-info-gray-tenant success.

2026-10-02 11:24:15,485 INFO notifyConnectTimeout:100

2026-10-02 11:24:15,488 INFO notifySocketTimeout:200

2026-10-02 11:24:15,488 INFO isHealthCheck:true

2026-10-02 11:24:15,489 INFO maxHealthCheckFailCount:12

2026-10-02 11:24:15,492 INFO maxContent:10485760

2026-10-02 11:24:23,140 INFO All dump page size is set to 100 according to mem limit 1024 MB

2026-10-02 11:24:23,145 WARN DumpService start

2026-10-02 11:24:23,146 INFO start clear all config-info.

2026-10-02 11:24:23,149 INFO clear all config-info success.

2026-10-02 11:24:23,150 INFO clear all config-info-tenant success.

2026-10-02 11:24:23,159 INFO start dump all config-info...

2026-10-02 11:24:23,160 INFO success to  dump all config-info。

2026-10-02 11:24:23,160 INFO start to clear all gray-config-info on startup.

2026-10-02 11:24:23,161 INFO clear all config-info-gray success.

2026-10-02 11:24:23,162 INFO clear all config-info-gray-tenant success.

2026-10-02 11:31:15,587 INFO notifyConnectTimeout:100

2026-10-02 11:31:15,589 INFO notifySocketTimeout:200

2026-10-02 11:31:15,590 INFO isHealthCheck:true

2026-10-02 11:31:15,590 INFO maxHealthCheckFailCount:12

2026-10-02 11:31:15,591 INFO maxContent:10485760

2026-10-02 11:31:25,408 INFO All dump page size is set to 100 according to mem limit 1024 MB

2026-10-02 11:31:25,414 WARN DumpService start

2026-10-02 11:31:25,415 INFO start clear all config-info.

2026-10-02 11:31:25,425 INFO clear all config-info success.

2026-10-02 11:31:25,426 INFO clear all config-info-tenant success.

2026-10-02 11:31:25,441 INFO start dump all config-info...

2026-10-02 11:31:25,442 INFO success to  dump all config-info。

2026-10-02 11:31:25,443 INFO start to clear all gray-config-info on startup.

2026-10-02 11:31:25,443 INFO clear all config-info-gray success.

2026-10-02 11:31:25,444 INFO clear all config-info-gray-tenant success.

2026-10-02 12:00:29,385 INFO notifyConnectTimeout:100

2026-10-02 12:00:29,387 INFO notifySocketTimeout:200

2026-10-02 12:00:29,387 INFO isHealthCheck:true

2026-10-02 12:00:29,387 INFO maxHealthCheckFailCount:12

2026-10-02 12:00:29,388 INFO maxContent:10485760

2026-10-02 12:00:34,587 INFO All dump page size is set to 100 according to mem limit 1024 MB

2026-10-02 12:00:34,590 WARN DumpService start

2026-10-02 12:00:34,591 INFO start clear all config-info.

2026-10-02 12:00:34,592 INFO clear all config-info success.

2026-10-02 12:00:34,592 INFO clear all config-info-tenant success.

2026-10-02 12:00:34,598 INFO start dump all config-info...

2026-10-02 12:00:34,598 INFO success to  dump all config-info。

2026-10-02 12:00:34,598 INFO start to clear all gray-config-info on startup.

2026-10-02 12:00:34,598 INFO clear all config-info-gray success.

2026-10-02 12:00:34,599 INFO clear all config-info-gray-tenant success.

2026-10-02 12:00:38,004 INFO notifyConnectTimeout:100

2026-10-02 12:00:38,005 INFO notifySocketTimeout:200

2026-10-02 12:00:38,005 INFO isHealthCheck:true

2026-10-02 12:00:38,005 INFO maxHealthCheckFailCount:12

2026-10-02 12:00:38,006 INFO maxContent:10485760

2026-10-02 12:00:40,201 INFO notifyConnectTimeout:100

2026-10-02 12:00:40,202 INFO notifySocketTimeout:200

2026-10-02 12:00:40,202 INFO isHealthCheck:true

2026-10-02 12:00:40,202 INFO maxHealthCheckFailCount:12

2026-10-02 12:00:40,203 INFO maxContent:10485760

