2026-10-02 11:17:48,768 INFO Not configure type of control plugin, no limit control for current node.

2026-10-02 11:17:48,833 INFO Load connection metrics collector,size=2,[com.alibaba.nacos.config.server.service.LongPollingConnectionMetricsCollector@2e268c19, com.alibaba.nacos.core.remote.LongConnectionMetricsCollector@7f588bc6]

2026-10-02 11:17:48,838 INFO No connection rule content found ,use default empty rule 

2026-10-02 11:17:48,851 INFO No tps control rule of CONFIG_PUSH_COUNT found,content =null  

2026-10-02 11:17:48,852 WARN Tps point for CONFIG_PUSH_COUNT registered, But tps control manager is no limit implementation.

2026-10-02 11:17:48,853 INFO No tps control rule of CONFIG_PUSH_SUCCESS found,content =null  

2026-10-02 11:17:48,856 WARN Tps point for CONFIG_PUSH_SUCCESS registered, But tps control manager is no limit implementation.

2026-10-02 11:17:48,857 INFO No tps control rule of CONFIG_PUSH_FAIL found,content =null  

2026-10-02 11:17:48,857 WARN Tps point for CONFIG_PUSH_FAIL registered, But tps control manager is no limit implementation.

2026-10-02 11:24:23,222 INFO Not configure type of control plugin, no limit control for current node.

2026-10-02 11:24:23,226 INFO Load connection metrics collector,size=2,[com.alibaba.nacos.config.server.service.LongPollingConnectionMetricsCollector@7bca98d5, com.alibaba.nacos.core.remote.LongConnectionMetricsCollector@59f36439]

2026-10-02 11:24:23,228 INFO No connection rule content found ,use default empty rule 

2026-10-02 11:24:23,236 INFO No tps control rule of CONFIG_PUSH_COUNT found,content =null  

2026-10-02 11:24:23,236 WARN Tps point for CONFIG_PUSH_COUNT registered, But tps control manager is no limit implementation.

2026-10-02 11:24:23,237 INFO No tps control rule of CONFIG_PUSH_SUCCESS found,content =null  

2026-10-02 11:24:23,237 WARN Tps point for CONFIG_PUSH_SUCCESS registered, But tps control manager is no limit implementation.

2026-10-02 11:24:23,238 INFO No tps control rule of CONFIG_PUSH_FAIL found,content =null  

2026-10-02 11:24:23,238 WARN Tps point for CONFIG_PUSH_FAIL registered, But tps control manager is no limit implementation.

2026-10-02 11:31:25,555 INFO Not configure type of control plugin, no limit control for current node.

2026-10-02 11:31:25,560 INFO Load connection metrics collector,size=2,[com.alibaba.nacos.config.server.service.LongPollingConnectionMetricsCollector@335cbcbd, com.alibaba.nacos.core.remote.LongConnectionMetricsCollector@50e32998]

2026-10-02 11:31:25,562 INFO No connection rule content found ,use default empty rule 

2026-10-02 11:31:25,571 INFO No tps control rule of CONFIG_PUSH_COUNT found,content =null  

2026-10-02 11:31:25,572 WARN Tps point for CONFIG_PUSH_COUNT registered, But tps control manager is no limit implementation.

2026-10-02 11:31:25,572 INFO No tps control rule of CONFIG_PUSH_SUCCESS found,content =null  

2026-10-02 11:31:25,573 WARN Tps point for CONFIG_PUSH_SUCCESS registered, But tps control manager is no limit implementation.

2026-10-02 11:31:25,573 INFO No tps control rule of CONFIG_PUSH_FAIL found,content =null  

2026-10-02 11:31:25,573 WARN Tps point for CONFIG_PUSH_FAIL registered, But tps control manager is no limit implementation.

2026-10-02 12:00:34,649 INFO Not configure type of control plugin, no limit control for current node.

2026-10-02 12:00:34,651 INFO Load connection metrics collector,size=2,[com.alibaba.nacos.config.server.service.LongPollingConnectionMetricsCollector@a94c8e3, com.alibaba.nacos.core.remote.LongConnectionMetricsCollector@2e268c19]

2026-10-02 12:00:34,652 INFO No connection rule content found ,use default empty rule 

2026-10-02 12:00:34,662 INFO No tps control rule of CONFIG_PUSH_COUNT found,content =null  

2026-10-02 12:00:34,662 WARN Tps point for CONFIG_PUSH_COUNT registered, But tps control manager is no limit implementation.

2026-10-02 12:00:34,662 INFO No tps control rule of CONFIG_PUSH_SUCCESS found,content =null  

2026-10-02 12:00:34,662 WARN Tps point for CONFIG_PUSH_SUCCESS registered, But tps control manager is no limit implementation.

2026-10-02 12:00:34,663 INFO No tps control rule of CONFIG_PUSH_FAIL found,content =null  

2026-10-02 12:00:34,663 WARN Tps point for CONFIG_PUSH_FAIL registered, But tps control manager is no limit implementation.

2026-10-02 12:00:37,891 INFO No tps control rule of ConfigListen found,content =null  

2026-10-02 12:00:37,891 WARN Tps point for ConfigListen registered, But tps control manager is no limit implementation.

2026-10-02 12:00:37,892 INFO No tps control rule of ClusterConfigChangeNotify found,content =null  

2026-10-02 12:00:37,892 WARN Tps point for ClusterConfigChangeNotify registered, But tps control manager is no limit implementation.

2026-10-02 12:00:37,898 INFO No tps control rule of ConfigFuzzyWatch found,content =null  

2026-10-02 12:00:37,899 WARN Tps point for ConfigFuzzyWatch registered, But tps control manager is no limit implementation.

2026-10-02 12:00:37,900 INFO No tps control rule of ConfigPublish found,content =null  

2026-10-02 12:00:37,900 WARN Tps point for ConfigPublish registered, But tps control manager is no limit implementation.

2026-10-02 12:00:37,900 INFO No tps control rule of ConfigQuery found,content =null  

2026-10-02 12:00:37,901 WARN Tps point for ConfigQuery registered, But tps control manager is no limit implementation.

2026-10-02 12:00:37,901 INFO No tps control rule of ConfigRemove found,content =null  

2026-10-02 12:00:37,901 WARN Tps point for ConfigRemove registered, But tps control manager is no limit implementation.

2026-10-02 12:00:37,901 INFO No tps control rule of RemoteNamingInstanceBatchRegister found,content =null  

2026-10-02 12:00:37,902 WARN Tps point for RemoteNamingInstanceBatchRegister registered, But tps control manager is no limit implementation.

2026-10-02 12:00:37,902 INFO No tps control rule of RemoteNamingInstanceRegisterDeregister found,content =null  

2026-10-02 12:00:37,903 WARN Tps point for RemoteNamingInstanceRegisterDeregister registered, But tps control manager is no limit implementation.

2026-10-02 12:00:37,903 WARN Tps point for RemoteNamingInstanceRegisterDeregister registered, But tps control manager is no limit implementation.

2026-10-02 12:00:37,904 INFO No tps control rule of RemoteNamingServiceListQuery found,content =null  

2026-10-02 12:00:37,904 WARN Tps point for RemoteNamingServiceListQuery registered, But tps control manager is no limit implementation.

2026-10-02 12:00:37,904 INFO No tps control rule of RemoteNamingServiceQuery found,content =null  

2026-10-02 12:00:37,905 WARN Tps point for RemoteNamingServiceQuery registered, But tps control manager is no limit implementation.

2026-10-02 12:00:37,905 INFO No tps control rule of RemoteNamingServiceSubscribeUnSubscribe found,content =null  

2026-10-02 12:00:37,906 WARN Tps point for RemoteNamingServiceSubscribeUnSubscribe registered, But tps control manager is no limit implementation.

2026-10-02 12:00:37,907 INFO No tps control rule of HealthCheck found,content =null  

2026-10-02 12:00:37,907 WARN Tps point for HealthCheck registered, But tps control manager is no limit implementation.

2026-10-02 12:00:40,159 WARN Tps point for ConfigQuery registered, But tps control manager is no limit implementation.

2026-10-02 12:00:40,160 INFO No tps control rule of NamingInstanceDeregister found,content =null  

2026-10-02 12:00:40,160 WARN Tps point for NamingInstanceDeregister registered, But tps control manager is no limit implementation.

2026-10-02 12:00:40,160 WARN Tps point for ConfigPublish registered, But tps control manager is no limit implementation.

2026-10-02 12:00:40,160 INFO No tps control rule of NamingServiceRegister found,content =null  

2026-10-02 12:00:40,161 WARN Tps point for NamingServiceRegister registered, But tps control manager is no limit implementation.

2026-10-02 12:00:40,161 INFO No tps control rule of NamingInstanceMetadataUpdate found,content =null  

2026-10-02 12:00:40,161 WARN Tps point for NamingInstanceMetadataUpdate registered, But tps control manager is no limit implementation.

2026-10-02 12:00:40,161 WARN Tps point for ConfigPublish registered, But tps control manager is no limit implementation.

2026-10-02 12:00:40,161 INFO No tps control rule of NamingInstanceUpdate found,content =null  

2026-10-02 12:00:40,162 WARN Tps point for NamingInstanceUpdate registered, But tps control manager is no limit implementation.

2026-10-02 12:00:40,162 WARN Tps point for NamingInstanceMetadataUpdate registered, But tps control manager is no limit implementation.

2026-10-02 12:00:40,162 INFO No tps control rule of NamingServiceSubscribe found,content =null  

2026-10-02 12:00:40,162 WARN Tps point for NamingServiceSubscribe registered, But tps control manager is no limit implementation.

2026-10-02 12:00:40,162 INFO No tps control rule of NamingInstanceRegister found,content =null  

2026-10-02 12:00:40,162 WARN Tps point for NamingInstanceRegister registered, But tps control manager is no limit implementation.

2026-10-02 12:00:40,163 WARN Tps point for NamingInstanceDeregister registered, But tps control manager is no limit implementation.

2026-10-02 12:00:40,163 INFO No tps control rule of NamingServiceUpdate found,content =null  

2026-10-02 12:00:40,163 WARN Tps point for NamingServiceUpdate registered, But tps control manager is no limit implementation.

2026-10-02 12:00:40,163 INFO No tps control rule of NamingInstanceQuery found,content =null  

2026-10-02 12:00:40,163 WARN Tps point for NamingInstanceQuery registered, But tps control manager is no limit implementation.

2026-10-02 12:00:40,164 INFO No tps control rule of NamingServiceDeregister found,content =null  

2026-10-02 12:00:40,164 WARN Tps point for NamingServiceDeregister registered, But tps control manager is no limit implementation.

2026-10-02 12:00:40,164 WARN Tps point for NamingInstanceRegister registered, But tps control manager is no limit implementation.

2026-10-02 12:00:40,164 INFO No tps control rule of NamingServiceQuery found,content =null  

2026-10-02 12:00:40,165 WARN Tps point for NamingServiceQuery registered, But tps control manager is no limit implementation.

2026-10-02 12:00:40,165 INFO No tps control rule of NamingServiceListQuery found,content =null  

2026-10-02 12:00:40,165 WARN Tps point for NamingServiceListQuery registered, But tps control manager is no limit implementation.

2026-10-02 12:00:40,165 WARN Tps point for ConfigQuery registered, But tps control manager is no limit implementation.

2026-10-02 12:00:40,166 WARN Tps point for NamingServiceSubscribe registered, But tps control manager is no limit implementation.

