2026-10-02 11:17:48,616 INFO [ClientConnectionEventListenerRegistry] registry listener - ConfigConnectionEventListener

2026-10-02 11:17:49,013 INFO [ClientConnectionEventListenerRegistry] registry listener - ConnectionBasedClientManager

2026-10-02 11:24:23,185 INFO [ClientConnectionEventListenerRegistry] registry listener - ConfigConnectionEventListener

2026-10-02 11:24:23,306 INFO [ClientConnectionEventListenerRegistry] registry listener - ConnectionBasedClientManager

2026-10-02 11:31:25,489 INFO [ClientConnectionEventListenerRegistry] registry listener - ConfigConnectionEventListener

2026-10-02 11:31:25,637 INFO [ClientConnectionEventListenerRegistry] registry listener - ConnectionBasedClientManager

2026-10-02 12:00:34,613 INFO [ClientConnectionEventListenerRegistry] registry listener - ConfigConnectionEventListener

2026-10-02 12:00:34,726 INFO [ClientConnectionEventListenerRegistry] registry listener - ConnectionBasedClientManager

2026-10-02 12:00:36,677 INFO [ClientConnectionEventListenerRegistry] registry listener - AiConnectionBasedClientManager

2026-10-02 12:00:36,852 INFO Nacos GrpcSdkServer Rpc server starting at port 9848

2026-10-02 12:00:36,860 INFO Load ProtocolNegotiatorBuilder com.alibaba.nacos.core.remote.grpc.negotiator.tls.SdkDefaultTlsProtocolNegotiatorBuilder for type DEFAULT_TLS

2026-10-02 12:00:36,860 INFO Load ProtocolNegotiatorBuilder com.alibaba.nacos.core.remote.grpc.negotiator.tls.ClusterDefaultTlsProtocolNegotiatorBuilder for type CLUSTER_DEFAULT_TLS

2026-10-02 12:00:36,861 WARN Not found ProtocolNegotiatorBuilder for type nacos.remote.server.rpc.protocol.negotiator.type, will use default type nacos.remote.server.rpc.protocol.negotiator.type

2026-10-02 12:00:36,864 WARN Recommended use 'nacos.remote.server.grpc.sdk.max-inbound-message-size' property instead 'nacos.remote.server.grpc.maxinbound.message.size', now property value is 10485760

2026-10-02 12:00:36,868 INFO Ssl Context auto refresh is not supported.

2026-10-02 12:00:36,868 INFO Ssl Context auto refresh is not supported.

2026-10-02 12:00:36,868 INFO RpcServerSslContextRefresher initialization completed.

2026-10-02 12:00:36,868 INFO Nacos GrpcSdkServer Rpc server started at port 9848

2026-10-02 12:00:36,870 INFO Nacos GrpcClusterServer Rpc server starting at port 9849

2026-10-02 12:00:36,872 WARN Not found ProtocolNegotiatorBuilder for type nacos.remote.cluster.server.rpc.protocol.negotiator.type, will use default type nacos.remote.cluster.server.rpc.protocol.negotiator.type

2026-10-02 12:00:36,874 WARN Recommended use 'nacos.remote.server.grpc.cluster.max-inbound-message-size' property instead 'nacos.remote.server.grpc.maxinbound.message.size', now property value is 10485760

2026-10-02 12:00:36,876 INFO Nacos GrpcClusterServer Rpc server started at port 9849

2026-10-02 12:00:36,984 INFO [ClientConnectionEventListenerRegistry] registry listener - RpcAckCallbackInitorOrCleaner

2026-10-02 12:01:29,846 INFO nacos has been loaded, class: com.alibaba.nacos.core.remote.grpc.ConnectionGeneratorServiceImpl

2026-10-02 12:11:32,522 INFO Nacos GrpcSdkServer Rpc server stopping

2026-10-02 12:11:32,522 INFO Nacos GrpcClusterServer Rpc server stopping

2026-10-02 12:11:32,540 INFO Nacos GrpcClusterServer Rpc server stopped successfully...

2026-10-02 12:11:32,540 INFO Nacos GrpcSdkServer Rpc server stopped successfully...

