2026-10-02 12:01:29,718 INFO Connection transportReady,connectionId = 1790913689716_172.19.0.1_54322 

2026-10-02 12:01:42,730 INFO Connection transportReady,connectionId = 1790913702730_172.19.0.1_38158 

2026-10-02 12:01:54,100 INFO Connection transportReady,connectionId = 1790913714100_172.19.0.1_46546 

2026-10-02 12:02:02,460 INFO Connection transportReady,connectionId = 1790913722460_172.19.0.1_38680 

2026-10-02 12:02:50,955 INFO Connection transportTerminated,connectionId = 1790913702730_172.19.0.1_38158 

2026-10-02 12:02:50,957 WARN [1790913702730_172.19.0.1_38158] connection  close bi stream exception  : {}

java.lang.IllegalStateException: call already closed
	at com.google.common.base.Preconditions.checkState(Preconditions.java:513)
	at io.grpc.internal.ServerCallImpl.closeInternal(ServerCallImpl.java:218)
	at io.grpc.internal.ServerCallImpl.close(ServerCallImpl.java:213)
	at io.grpc.stub.ServerCalls$ServerCallStreamObserverImpl.onCompleted(ServerCalls.java:396)
	at com.alibaba.nacos.core.remote.grpc.GrpcConnection.closeBiStream(GrpcConnection.java:221)
	at com.alibaba.nacos.core.remote.grpc.GrpcConnection.close(GrpcConnection.java:204)
	at com.alibaba.nacos.core.remote.ConnectionManager.unregister(ConnectionManager.java:164)
	at com.alibaba.nacos.core.remote.grpc.AddressTransportFilter.transportTerminated(AddressTransportFilter.java:78)
	at io.grpc.internal.ServerImpl$ServerTransportListenerImpl.transportTerminated(ServerImpl.java:456)
	at io.grpc.netty.shaded.io.grpc.netty.NettyServerTransport.notifyTerminated(NettyServerTransport.java:216)
	at io.grpc.netty.shaded.io.grpc.netty.NettyServerTransport.access$100(NettyServerTransport.java:51)
	at io.grpc.netty.shaded.io.grpc.netty.NettyServerTransport$1TerminationNotifier.operationComplete(NettyServerTransport.java:150)
	at io.grpc.netty.shaded.io.grpc.netty.NettyServerTransport$1TerminationNotifier.operationComplete(NettyServerTransport.java:143)
	at io.grpc.netty.shaded.io.netty.util.concurrent.DefaultPromise.notifyListener0(DefaultPromise.java:603)
	at io.grpc.netty.shaded.io.netty.util.concurrent.DefaultPromise.notifyListeners0(DefaultPromise.java:596)
	at io.grpc.netty.shaded.io.netty.util.concurrent.DefaultPromise.notifyListenersNow(DefaultPromise.java:572)
	at io.grpc.netty.shaded.io.netty.util.concurrent.DefaultPromise.notifyListeners(DefaultPromise.java:505)
	at io.grpc.netty.shaded.io.netty.util.concurrent.DefaultPromise.setValue0(DefaultPromise.java:649)
	at io.grpc.netty.shaded.io.netty.util.concurrent.DefaultPromise.setSuccess0(DefaultPromise.java:638)
	at io.grpc.netty.shaded.io.netty.util.concurrent.DefaultPromise.trySuccess(DefaultPromise.java:118)
	at io.grpc.netty.shaded.io.netty.channel.DefaultChannelPromise.trySuccess(DefaultChannelPromise.java:84)
	at io.grpc.netty.shaded.io.netty.channel.AbstractChannel$CloseFuture.setClosed(AbstractChannel.java:1161)
	at io.grpc.netty.shaded.io.netty.channel.AbstractChannel$AbstractUnsafe.doClose0(AbstractChannel.java:753)
	at io.grpc.netty.shaded.io.netty.channel.AbstractChannel$AbstractUnsafe.close(AbstractChannel.java:729)
	at io.grpc.netty.shaded.io.netty.channel.AbstractChannel$AbstractUnsafe.close(AbstractChannel.java:619)
	at io.grpc.netty.shaded.io.netty.channel.epoll.AbstractEpollChannel$AbstractEpollUnsafe.shutdownInput(AbstractEpollChannel.java:522)
	at io.grpc.netty.shaded.io.netty.channel.epoll.AbstractEpollStreamChannel$EpollStreamUnsafe.epollInReady(AbstractEpollStreamChannel.java:822)
	at io.grpc.netty.shaded.io.netty.channel.epoll.EpollEventLoop.processReady(EpollEventLoop.java:501)
	at io.grpc.netty.shaded.io.netty.channel.epoll.EpollEventLoop.run(EpollEventLoop.java:399)
	at io.grpc.netty.shaded.io.netty.util.concurrent.SingleThreadEventExecutor$4.run(SingleThreadEventExecutor.java:998)
	at io.grpc.netty.shaded.io.netty.util.internal.ThreadExecutorMap$2.run(ThreadExecutorMap.java:74)
	at io.grpc.netty.shaded.io.netty.util.concurrent.FastThreadLocalRunnable.run(FastThreadLocalRunnable.java:30)
	at java.base/java.lang.Thread.run(Thread.java:840)
2026-10-02 12:02:50,964 INFO Connection transportTerminated,connectionId = 1790913722460_172.19.0.1_38680 

2026-10-02 12:02:50,966 INFO [1790913702730_172.19.0.1_38158]client disconnected,clear config listen context

2026-10-02 12:02:50,969 WARN [1790913722460_172.19.0.1_38680] connection  close bi stream exception  : {}

java.lang.IllegalStateException: call already closed
	at com.google.common.base.Preconditions.checkState(Preconditions.java:513)
	at io.grpc.internal.ServerCallImpl.closeInternal(ServerCallImpl.java:218)
	at io.grpc.internal.ServerCallImpl.close(ServerCallImpl.java:213)
	at io.grpc.stub.ServerCalls$ServerCallStreamObserverImpl.onCompleted(ServerCalls.java:396)
	at com.alibaba.nacos.core.remote.grpc.GrpcConnection.closeBiStream(GrpcConnection.java:221)
	at com.alibaba.nacos.core.remote.grpc.GrpcConnection.close(GrpcConnection.java:204)
	at com.alibaba.nacos.core.remote.ConnectionManager.unregister(ConnectionManager.java:164)
	at com.alibaba.nacos.core.remote.grpc.AddressTransportFilter.transportTerminated(AddressTransportFilter.java:78)
	at io.grpc.internal.ServerImpl$ServerTransportListenerImpl.transportTerminated(ServerImpl.java:456)
	at io.grpc.netty.shaded.io.grpc.netty.NettyServerTransport.notifyTerminated(NettyServerTransport.java:216)
	at io.grpc.netty.shaded.io.grpc.netty.NettyServerTransport.access$100(NettyServerTransport.java:51)
	at io.grpc.netty.shaded.io.grpc.netty.NettyServerTransport$1TerminationNotifier.operationComplete(NettyServerTransport.java:150)
	at io.grpc.netty.shaded.io.grpc.netty.NettyServerTransport$1TerminationNotifier.operationComplete(NettyServerTransport.java:143)
	at io.grpc.netty.shaded.io.netty.util.concurrent.DefaultPromise.notifyListener0(DefaultPromise.java:603)
	at io.grpc.netty.shaded.io.netty.util.concurrent.DefaultPromise.notifyListeners0(DefaultPromise.java:596)
	at io.grpc.netty.shaded.io.netty.util.concurrent.DefaultPromise.notifyListenersNow(DefaultPromise.java:572)
	at io.grpc.netty.shaded.io.netty.util.concurrent.DefaultPromise.notifyListeners(DefaultPromise.java:505)
	at io.grpc.netty.shaded.io.netty.util.concurrent.DefaultPromise.setValue0(DefaultPromise.java:649)
	at io.grpc.netty.shaded.io.netty.util.concurrent.DefaultPromise.setSuccess0(DefaultPromise.java:638)
	at io.grpc.netty.shaded.io.netty.util.concurrent.DefaultPromise.trySuccess(DefaultPromise.java:118)
	at io.grpc.netty.shaded.io.netty.channel.DefaultChannelPromise.trySuccess(DefaultChannelPromise.java:84)
	at io.grpc.netty.shaded.io.netty.channel.AbstractChannel$CloseFuture.setClosed(AbstractChannel.java:1161)
	at io.grpc.netty.shaded.io.netty.channel.AbstractChannel$AbstractUnsafe.doClose0(AbstractChannel.java:753)
	at io.grpc.netty.shaded.io.netty.channel.AbstractChannel$AbstractUnsafe.close(AbstractChannel.java:729)
	at io.grpc.netty.shaded.io.netty.channel.AbstractChannel$AbstractUnsafe.close(AbstractChannel.java:619)
	at io.grpc.netty.shaded.io.netty.channel.epoll.AbstractEpollChannel$AbstractEpollUnsafe.shutdownInput(AbstractEpollChannel.java:522)
	at io.grpc.netty.shaded.io.netty.channel.epoll.AbstractEpollStreamChannel$EpollStreamUnsafe.epollInReady(AbstractEpollStreamChannel.java:822)
	at io.grpc.netty.shaded.io.netty.channel.epoll.EpollEventLoop.processReady(EpollEventLoop.java:501)
	at io.grpc.netty.shaded.io.netty.channel.epoll.EpollEventLoop.run(EpollEventLoop.java:399)
	at io.grpc.netty.shaded.io.netty.util.concurrent.SingleThreadEventExecutor$4.run(SingleThreadEventExecutor.java:998)
	at io.grpc.netty.shaded.io.netty.util.internal.ThreadExecutorMap$2.run(ThreadExecutorMap.java:74)
	at io.grpc.netty.shaded.io.netty.util.concurrent.FastThreadLocalRunnable.run(FastThreadLocalRunnable.java:30)
	at java.base/java.lang.Thread.run(Thread.java:840)
2026-10-02 12:02:50,970 INFO [1790913722460_172.19.0.1_38680]client disconnected,clear config listen context

2026-10-02 12:02:50,972 INFO Connection transportTerminated,connectionId = 1790913714100_172.19.0.1_46546 

2026-10-02 12:02:50,972 WARN [1790913714100_172.19.0.1_46546] connection  close bi stream exception  : {}

java.lang.IllegalStateException: call already closed
	at com.google.common.base.Preconditions.checkState(Preconditions.java:513)
	at io.grpc.internal.ServerCallImpl.closeInternal(ServerCallImpl.java:218)
	at io.grpc.internal.ServerCallImpl.close(ServerCallImpl.java:213)
	at io.grpc.stub.ServerCalls$ServerCallStreamObserverImpl.onCompleted(ServerCalls.java:396)
	at com.alibaba.nacos.core.remote.grpc.GrpcConnection.closeBiStream(GrpcConnection.java:221)
	at com.alibaba.nacos.core.remote.grpc.GrpcConnection.close(GrpcConnection.java:204)
	at com.alibaba.nacos.core.remote.ConnectionManager.unregister(ConnectionManager.java:164)
	at com.alibaba.nacos.core.remote.grpc.AddressTransportFilter.transportTerminated(AddressTransportFilter.java:78)
	at io.grpc.internal.ServerImpl$ServerTransportListenerImpl.transportTerminated(ServerImpl.java:456)
	at io.grpc.netty.shaded.io.grpc.netty.NettyServerTransport.notifyTerminated(NettyServerTransport.java:216)
	at io.grpc.netty.shaded.io.grpc.netty.NettyServerTransport.access$100(NettyServerTransport.java:51)
	at io.grpc.netty.shaded.io.grpc.netty.NettyServerTransport$1TerminationNotifier.operationComplete(NettyServerTransport.java:150)
	at io.grpc.netty.shaded.io.grpc.netty.NettyServerTransport$1TerminationNotifier.operationComplete(NettyServerTransport.java:143)
	at io.grpc.netty.shaded.io.netty.util.concurrent.DefaultPromise.notifyListener0(DefaultPromise.java:603)
	at io.grpc.netty.shaded.io.netty.util.concurrent.DefaultPromise.notifyListeners0(DefaultPromise.java:596)
	at io.grpc.netty.shaded.io.netty.util.concurrent.DefaultPromise.notifyListenersNow(DefaultPromise.java:572)
	at io.grpc.netty.shaded.io.netty.util.concurrent.DefaultPromise.notifyListeners(DefaultPromise.java:505)
	at io.grpc.netty.shaded.io.netty.util.concurrent.DefaultPromise.setValue0(DefaultPromise.java:649)
	at io.grpc.netty.shaded.io.netty.util.concurrent.DefaultPromise.setSuccess0(DefaultPromise.java:638)
	at io.grpc.netty.shaded.io.netty.util.concurrent.DefaultPromise.trySuccess(DefaultPromise.java:118)
	at io.grpc.netty.shaded.io.netty.channel.DefaultChannelPromise.trySuccess(DefaultChannelPromise.java:84)
	at io.grpc.netty.shaded.io.netty.channel.AbstractChannel$CloseFuture.setClosed(AbstractChannel.java:1161)
	at io.grpc.netty.shaded.io.netty.channel.AbstractChannel$AbstractUnsafe.doClose0(AbstractChannel.java:753)
	at io.grpc.netty.shaded.io.netty.channel.AbstractChannel$AbstractUnsafe.close(AbstractChannel.java:729)
	at io.grpc.netty.shaded.io.netty.channel.AbstractChannel$AbstractUnsafe.close(AbstractChannel.java:619)
	at io.grpc.netty.shaded.io.netty.channel.epoll.AbstractEpollChannel$AbstractEpollUnsafe.shutdownInput(AbstractEpollChannel.java:522)
	at io.grpc.netty.shaded.io.netty.channel.epoll.AbstractEpollStreamChannel$EpollStreamUnsafe.epollInReady(AbstractEpollStreamChannel.java:822)
	at io.grpc.netty.shaded.io.netty.channel.epoll.EpollEventLoop.processReady(EpollEventLoop.java:501)
	at io.grpc.netty.shaded.io.netty.channel.epoll.EpollEventLoop.run(EpollEventLoop.java:399)
	at io.grpc.netty.shaded.io.netty.util.concurrent.SingleThreadEventExecutor$4.run(SingleThreadEventExecutor.java:998)
	at io.grpc.netty.shaded.io.netty.util.internal.ThreadExecutorMap$2.run(ThreadExecutorMap.java:74)
	at io.grpc.netty.shaded.io.netty.util.concurrent.FastThreadLocalRunnable.run(FastThreadLocalRunnable.java:30)
	at java.base/java.lang.Thread.run(Thread.java:840)
2026-10-02 12:02:50,974 INFO [1790913714100_172.19.0.1_46546]client disconnected,clear config listen context

2026-10-02 12:02:50,983 INFO Connection transportTerminated,connectionId = 1790913689716_172.19.0.1_54322 

2026-10-02 12:02:50,983 WARN [1790913689716_172.19.0.1_54322] connection  close bi stream exception  : {}

java.lang.IllegalStateException: call already closed
	at com.google.common.base.Preconditions.checkState(Preconditions.java:513)
	at io.grpc.internal.ServerCallImpl.closeInternal(ServerCallImpl.java:218)
	at io.grpc.internal.ServerCallImpl.close(ServerCallImpl.java:213)
	at io.grpc.stub.ServerCalls$ServerCallStreamObserverImpl.onCompleted(ServerCalls.java:396)
	at com.alibaba.nacos.core.remote.grpc.GrpcConnection.closeBiStream(GrpcConnection.java:221)
	at com.alibaba.nacos.core.remote.grpc.GrpcConnection.close(GrpcConnection.java:204)
	at com.alibaba.nacos.core.remote.ConnectionManager.unregister(ConnectionManager.java:164)
	at com.alibaba.nacos.core.remote.grpc.AddressTransportFilter.transportTerminated(AddressTransportFilter.java:78)
	at io.grpc.internal.ServerImpl$ServerTransportListenerImpl.transportTerminated(ServerImpl.java:456)
	at io.grpc.netty.shaded.io.grpc.netty.NettyServerTransport.notifyTerminated(NettyServerTransport.java:216)
	at io.grpc.netty.shaded.io.grpc.netty.NettyServerTransport.access$100(NettyServerTransport.java:51)
	at io.grpc.netty.shaded.io.grpc.netty.NettyServerTransport$1TerminationNotifier.operationComplete(NettyServerTransport.java:150)
	at io.grpc.netty.shaded.io.grpc.netty.NettyServerTransport$1TerminationNotifier.operationComplete(NettyServerTransport.java:143)
	at io.grpc.netty.shaded.io.netty.util.concurrent.DefaultPromise.notifyListener0(DefaultPromise.java:603)
	at io.grpc.netty.shaded.io.netty.util.concurrent.DefaultPromise.notifyListeners0(DefaultPromise.java:596)
	at io.grpc.netty.shaded.io.netty.util.concurrent.DefaultPromise.notifyListenersNow(DefaultPromise.java:572)
	at io.grpc.netty.shaded.io.netty.util.concurrent.DefaultPromise.notifyListeners(DefaultPromise.java:505)
	at io.grpc.netty.shaded.io.netty.util.concurrent.DefaultPromise.setValue0(DefaultPromise.java:649)
	at io.grpc.netty.shaded.io.netty.util.concurrent.DefaultPromise.setSuccess0(DefaultPromise.java:638)
	at io.grpc.netty.shaded.io.netty.util.concurrent.DefaultPromise.trySuccess(DefaultPromise.java:118)
	at io.grpc.netty.shaded.io.netty.channel.DefaultChannelPromise.trySuccess(DefaultChannelPromise.java:84)
	at io.grpc.netty.shaded.io.netty.channel.AbstractChannel$CloseFuture.setClosed(AbstractChannel.java:1161)
	at io.grpc.netty.shaded.io.netty.channel.AbstractChannel$AbstractUnsafe.doClose0(AbstractChannel.java:753)
	at io.grpc.netty.shaded.io.netty.channel.AbstractChannel$AbstractUnsafe.close(AbstractChannel.java:729)
	at io.grpc.netty.shaded.io.netty.channel.AbstractChannel$AbstractUnsafe.close(AbstractChannel.java:619)
	at io.grpc.netty.shaded.io.netty.channel.epoll.AbstractEpollChannel$AbstractEpollUnsafe.shutdownInput(AbstractEpollChannel.java:522)
	at io.grpc.netty.shaded.io.netty.channel.epoll.AbstractEpollStreamChannel$EpollStreamUnsafe.epollInReady(AbstractEpollStreamChannel.java:822)
	at io.grpc.netty.shaded.io.netty.channel.epoll.EpollEventLoop.processReady(EpollEventLoop.java:501)
	at io.grpc.netty.shaded.io.netty.channel.epoll.EpollEventLoop.run(EpollEventLoop.java:399)
	at io.grpc.netty.shaded.io.netty.util.concurrent.SingleThreadEventExecutor$4.run(SingleThreadEventExecutor.java:998)
	at io.grpc.netty.shaded.io.netty.util.internal.ThreadExecutorMap$2.run(ThreadExecutorMap.java:74)
	at io.grpc.netty.shaded.io.netty.util.concurrent.FastThreadLocalRunnable.run(FastThreadLocalRunnable.java:30)
	at java.base/java.lang.Thread.run(Thread.java:840)
2026-10-02 12:02:50,984 INFO [1790913689716_172.19.0.1_54322]client disconnected,clear config listen context

2026-10-02 12:03:10,927 INFO Connection transportReady,connectionId = 1790913790927_172.19.0.1_45020 

2026-10-02 12:03:12,866 INFO Connection transportReady,connectionId = 1790913792866_172.19.0.1_45036 

2026-10-02 12:03:14,571 INFO Connection transportReady,connectionId = 1790913794571_172.19.0.1_59992 

2026-10-02 12:03:15,401 INFO Connection transportReady,connectionId = 1790913795401_172.19.0.1_59996 

2026-10-02 12:03:34,653 INFO Connection transportReady,connectionId = 1790913814653_172.19.0.1_36224 

2026-10-02 12:04:37,634 INFO Connection transportReady,connectionId = 1790913877634_172.19.0.1_51072 

2026-10-02 12:04:55,218 INFO Connection transportReady,connectionId = 1790913895218_172.19.0.1_55378 

2026-10-02 12:05:08,819 INFO Connection transportReady,connectionId = 1790913908818_172.19.0.1_39848 

2026-10-02 12:08:07,347 INFO Connection transportTerminated,connectionId = 1790913795401_172.19.0.1_59996 

2026-10-02 12:08:07,347 INFO Connection transportTerminated,connectionId = 1790913814653_172.19.0.1_36224 

2026-10-02 12:08:07,348 WARN [1790913795401_172.19.0.1_59996] connection  close bi stream exception  : {}

java.lang.IllegalStateException: call already closed
	at com.google.common.base.Preconditions.checkState(Preconditions.java:513)
	at io.grpc.internal.ServerCallImpl.closeInternal(ServerCallImpl.java:218)
	at io.grpc.internal.ServerCallImpl.close(ServerCallImpl.java:213)
	at io.grpc.stub.ServerCalls$ServerCallStreamObserverImpl.onCompleted(ServerCalls.java:396)
	at com.alibaba.nacos.core.remote.grpc.GrpcConnection.closeBiStream(GrpcConnection.java:221)
	at com.alibaba.nacos.core.remote.grpc.GrpcConnection.close(GrpcConnection.java:204)
	at com.alibaba.nacos.core.remote.ConnectionManager.unregister(ConnectionManager.java:164)
	at com.alibaba.nacos.core.remote.grpc.AddressTransportFilter.transportTerminated(AddressTransportFilter.java:78)
	at io.grpc.internal.ServerImpl$ServerTransportListenerImpl.transportTerminated(ServerImpl.java:456)
	at io.grpc.netty.shaded.io.grpc.netty.NettyServerTransport.notifyTerminated(NettyServerTransport.java:216)
	at io.grpc.netty.shaded.io.grpc.netty.NettyServerTransport.access$100(NettyServerTransport.java:51)
	at io.grpc.netty.shaded.io.grpc.netty.NettyServerTransport$1TerminationNotifier.operationComplete(NettyServerTransport.java:150)
	at io.grpc.netty.shaded.io.grpc.netty.NettyServerTransport$1TerminationNotifier.operationComplete(NettyServerTransport.java:143)
	at io.grpc.netty.shaded.io.netty.util.concurrent.DefaultPromise.notifyListener0(DefaultPromise.java:603)
	at io.grpc.netty.shaded.io.netty.util.concurrent.DefaultPromise.notifyListeners0(DefaultPromise.java:596)
	at io.grpc.netty.shaded.io.netty.util.concurrent.DefaultPromise.notifyListenersNow(DefaultPromise.java:572)
	at io.grpc.netty.shaded.io.netty.util.concurrent.DefaultPromise.notifyListeners(DefaultPromise.java:505)
	at io.grpc.netty.shaded.io.netty.util.concurrent.DefaultPromise.setValue0(DefaultPromise.java:649)
	at io.grpc.netty.shaded.io.netty.util.concurrent.DefaultPromise.setSuccess0(DefaultPromise.java:638)
	at io.grpc.netty.shaded.io.netty.util.concurrent.DefaultPromise.trySuccess(DefaultPromise.java:118)
	at io.grpc.netty.shaded.io.netty.channel.DefaultChannelPromise.trySuccess(DefaultChannelPromise.java:84)
	at io.grpc.netty.shaded.io.netty.channel.AbstractChannel$CloseFuture.setClosed(AbstractChannel.java:1161)
	at io.grpc.netty.shaded.io.netty.channel.AbstractChannel$AbstractUnsafe.doClose0(AbstractChannel.java:753)
	at io.grpc.netty.shaded.io.netty.channel.AbstractChannel$AbstractUnsafe.close(AbstractChannel.java:729)
	at io.grpc.netty.shaded.io.netty.channel.AbstractChannel$AbstractUnsafe.close(AbstractChannel.java:619)
	at io.grpc.netty.shaded.io.netty.channel.epoll.AbstractEpollChannel$AbstractEpollUnsafe.shutdownInput(AbstractEpollChannel.java:522)
	at io.grpc.netty.shaded.io.netty.channel.epoll.AbstractEpollStreamChannel$EpollStreamUnsafe.epollInReady(AbstractEpollStreamChannel.java:822)
	at io.grpc.netty.shaded.io.netty.channel.epoll.EpollEventLoop.processReady(EpollEventLoop.java:501)
	at io.grpc.netty.shaded.io.netty.channel.epoll.EpollEventLoop.run(EpollEventLoop.java:399)
	at io.grpc.netty.shaded.io.netty.util.concurrent.SingleThreadEventExecutor$4.run(SingleThreadEventExecutor.java:998)
	at io.grpc.netty.shaded.io.netty.util.internal.ThreadExecutorMap$2.run(ThreadExecutorMap.java:74)
	at io.grpc.netty.shaded.io.netty.util.concurrent.FastThreadLocalRunnable.run(FastThreadLocalRunnable.java:30)
	at java.base/java.lang.Thread.run(Thread.java:840)
2026-10-02 12:08:07,354 INFO [1790913795401_172.19.0.1_59996]client disconnected,clear config listen context

2026-10-02 12:08:07,356 WARN [1790913814653_172.19.0.1_36224] connection  close bi stream exception  : {}

java.lang.IllegalStateException: call already closed
	at com.google.common.base.Preconditions.checkState(Preconditions.java:513)
	at io.grpc.internal.ServerCallImpl.closeInternal(ServerCallImpl.java:218)
	at io.grpc.internal.ServerCallImpl.close(ServerCallImpl.java:213)
	at io.grpc.stub.ServerCalls$ServerCallStreamObserverImpl.onCompleted(ServerCalls.java:396)
	at com.alibaba.nacos.core.remote.grpc.GrpcConnection.closeBiStream(GrpcConnection.java:221)
	at com.alibaba.nacos.core.remote.grpc.GrpcConnection.close(GrpcConnection.java:204)
	at com.alibaba.nacos.core.remote.ConnectionManager.unregister(ConnectionManager.java:164)
	at com.alibaba.nacos.core.remote.grpc.AddressTransportFilter.transportTerminated(AddressTransportFilter.java:78)
	at io.grpc.internal.ServerImpl$ServerTransportListenerImpl.transportTerminated(ServerImpl.java:456)
	at io.grpc.netty.shaded.io.grpc.netty.NettyServerTransport.notifyTerminated(NettyServerTransport.java:216)
	at io.grpc.netty.shaded.io.grpc.netty.NettyServerTransport.access$100(NettyServerTransport.java:51)
	at io.grpc.netty.shaded.io.grpc.netty.NettyServerTransport$1TerminationNotifier.operationComplete(NettyServerTransport.java:150)
	at io.grpc.netty.shaded.io.grpc.netty.NettyServerTransport$1TerminationNotifier.operationComplete(NettyServerTransport.java:143)
	at io.grpc.netty.shaded.io.netty.util.concurrent.DefaultPromise.notifyListener0(DefaultPromise.java:603)
	at io.grpc.netty.shaded.io.netty.util.concurrent.DefaultPromise.notifyListeners0(DefaultPromise.java:596)
	at io.grpc.netty.shaded.io.netty.util.concurrent.DefaultPromise.notifyListenersNow(DefaultPromise.java:572)
	at io.grpc.netty.shaded.io.netty.util.concurrent.DefaultPromise.notifyListeners(DefaultPromise.java:505)
	at io.grpc.netty.shaded.io.netty.util.concurrent.DefaultPromise.setValue0(DefaultPromise.java:649)
	at io.grpc.netty.shaded.io.netty.util.concurrent.DefaultPromise.setSuccess0(DefaultPromise.java:638)
	at io.grpc.netty.shaded.io.netty.util.concurrent.DefaultPromise.trySuccess(DefaultPromise.java:118)
	at io.grpc.netty.shaded.io.netty.channel.DefaultChannelPromise.trySuccess(DefaultChannelPromise.java:84)
	at io.grpc.netty.shaded.io.netty.channel.AbstractChannel$CloseFuture.setClosed(AbstractChannel.java:1161)
	at io.grpc.netty.shaded.io.netty.channel.AbstractChannel$AbstractUnsafe.doClose0(AbstractChannel.java:753)
	at io.grpc.netty.shaded.io.netty.channel.AbstractChannel$AbstractUnsafe.close(AbstractChannel.java:729)
	at io.grpc.netty.shaded.io.netty.channel.AbstractChannel$AbstractUnsafe.close(AbstractChannel.java:619)
	at io.grpc.netty.shaded.io.netty.channel.epoll.AbstractEpollChannel$AbstractEpollUnsafe.shutdownInput(AbstractEpollChannel.java:522)
	at io.grpc.netty.shaded.io.netty.channel.epoll.AbstractEpollStreamChannel$EpollStreamUnsafe.epollInReady(AbstractEpollStreamChannel.java:822)
	at io.grpc.netty.shaded.io.netty.channel.epoll.EpollEventLoop.processReady(EpollEventLoop.java:501)
	at io.grpc.netty.shaded.io.netty.channel.epoll.EpollEventLoop.run(EpollEventLoop.java:399)
	at io.grpc.netty.shaded.io.netty.util.concurrent.SingleThreadEventExecutor$4.run(SingleThreadEventExecutor.java:998)
	at io.grpc.netty.shaded.io.netty.util.internal.ThreadExecutorMap$2.run(ThreadExecutorMap.java:74)
	at io.grpc.netty.shaded.io.netty.util.concurrent.FastThreadLocalRunnable.run(FastThreadLocalRunnable.java:30)
	at java.base/java.lang.Thread.run(Thread.java:840)
2026-10-02 12:08:07,357 INFO Connection transportTerminated,connectionId = 1790913792866_172.19.0.1_45036 

2026-10-02 12:08:07,358 INFO [1790913814653_172.19.0.1_36224]client disconnected,clear config listen context

2026-10-02 12:08:07,359 WARN [1790913792866_172.19.0.1_45036] connection  close bi stream exception  : {}

java.lang.IllegalStateException: call already closed
	at com.google.common.base.Preconditions.checkState(Preconditions.java:513)
	at io.grpc.internal.ServerCallImpl.closeInternal(ServerCallImpl.java:218)
	at io.grpc.internal.ServerCallImpl.close(ServerCallImpl.java:213)
	at io.grpc.stub.ServerCalls$ServerCallStreamObserverImpl.onCompleted(ServerCalls.java:396)
	at com.alibaba.nacos.core.remote.grpc.GrpcConnection.closeBiStream(GrpcConnection.java:221)
	at com.alibaba.nacos.core.remote.grpc.GrpcConnection.close(GrpcConnection.java:204)
	at com.alibaba.nacos.core.remote.ConnectionManager.unregister(ConnectionManager.java:164)
	at com.alibaba.nacos.core.remote.grpc.AddressTransportFilter.transportTerminated(AddressTransportFilter.java:78)
	at io.grpc.internal.ServerImpl$ServerTransportListenerImpl.transportTerminated(ServerImpl.java:456)
	at io.grpc.netty.shaded.io.grpc.netty.NettyServerTransport.notifyTerminated(NettyServerTransport.java:216)
	at io.grpc.netty.shaded.io.grpc.netty.NettyServerTransport.access$100(NettyServerTransport.java:51)
	at io.grpc.netty.shaded.io.grpc.netty.NettyServerTransport$1TerminationNotifier.operationComplete(NettyServerTransport.java:150)
	at io.grpc.netty.shaded.io.grpc.netty.NettyServerTransport$1TerminationNotifier.operationComplete(NettyServerTransport.java:143)
	at io.grpc.netty.shaded.io.netty.util.concurrent.DefaultPromise.notifyListener0(DefaultPromise.java:603)
	at io.grpc.netty.shaded.io.netty.util.concurrent.DefaultPromise.notifyListeners0(DefaultPromise.java:596)
	at io.grpc.netty.shaded.io.netty.util.concurrent.DefaultPromise.notifyListenersNow(DefaultPromise.java:572)
	at io.grpc.netty.shaded.io.netty.util.concurrent.DefaultPromise.notifyListeners(DefaultPromise.java:505)
	at io.grpc.netty.shaded.io.netty.util.concurrent.DefaultPromise.setValue0(DefaultPromise.java:649)
	at io.grpc.netty.shaded.io.netty.util.concurrent.DefaultPromise.setSuccess0(DefaultPromise.java:638)
	at io.grpc.netty.shaded.io.netty.util.concurrent.DefaultPromise.trySuccess(DefaultPromise.java:118)
	at io.grpc.netty.shaded.io.netty.channel.DefaultChannelPromise.trySuccess(DefaultChannelPromise.java:84)
	at io.grpc.netty.shaded.io.netty.channel.AbstractChannel$CloseFuture.setClosed(AbstractChannel.java:1161)
	at io.grpc.netty.shaded.io.netty.channel.AbstractChannel$AbstractUnsafe.doClose0(AbstractChannel.java:753)
	at io.grpc.netty.shaded.io.netty.channel.AbstractChannel$AbstractUnsafe.close(AbstractChannel.java:729)
	at io.grpc.netty.shaded.io.netty.channel.AbstractChannel$AbstractUnsafe.close(AbstractChannel.java:619)
	at io.grpc.netty.shaded.io.netty.channel.epoll.AbstractEpollChannel$AbstractEpollUnsafe.shutdownInput(AbstractEpollChannel.java:522)
	at io.grpc.netty.shaded.io.netty.channel.epoll.AbstractEpollStreamChannel$EpollStreamUnsafe.epollInReady(AbstractEpollStreamChannel.java:822)
	at io.grpc.netty.shaded.io.netty.channel.epoll.EpollEventLoop.processReady(EpollEventLoop.java:501)
	at io.grpc.netty.shaded.io.netty.channel.epoll.EpollEventLoop.run(EpollEventLoop.java:399)
	at io.grpc.netty.shaded.io.netty.util.concurrent.SingleThreadEventExecutor$4.run(SingleThreadEventExecutor.java:998)
	at io.grpc.netty.shaded.io.netty.util.internal.ThreadExecutorMap$2.run(ThreadExecutorMap.java:74)
	at io.grpc.netty.shaded.io.netty.util.concurrent.FastThreadLocalRunnable.run(FastThreadLocalRunnable.java:30)
	at java.base/java.lang.Thread.run(Thread.java:840)
2026-10-02 12:08:07,362 INFO [1790913792866_172.19.0.1_45036]client disconnected,clear config listen context

2026-10-02 12:08:07,370 INFO Connection transportTerminated,connectionId = 1790913794571_172.19.0.1_59992 

2026-10-02 12:08:07,371 WARN [1790913794571_172.19.0.1_59992] connection  close bi stream exception  : {}

java.lang.IllegalStateException: call already closed
	at com.google.common.base.Preconditions.checkState(Preconditions.java:513)
	at io.grpc.internal.ServerCallImpl.closeInternal(ServerCallImpl.java:218)
	at io.grpc.internal.ServerCallImpl.close(ServerCallImpl.java:213)
	at io.grpc.stub.ServerCalls$ServerCallStreamObserverImpl.onCompleted(ServerCalls.java:396)
	at com.alibaba.nacos.core.remote.grpc.GrpcConnection.closeBiStream(GrpcConnection.java:221)
	at com.alibaba.nacos.core.remote.grpc.GrpcConnection.close(GrpcConnection.java:204)
	at com.alibaba.nacos.core.remote.ConnectionManager.unregister(ConnectionManager.java:164)
	at com.alibaba.nacos.core.remote.grpc.AddressTransportFilter.transportTerminated(AddressTransportFilter.java:78)
	at io.grpc.internal.ServerImpl$ServerTransportListenerImpl.transportTerminated(ServerImpl.java:456)
	at io.grpc.netty.shaded.io.grpc.netty.NettyServerTransport.notifyTerminated(NettyServerTransport.java:216)
	at io.grpc.netty.shaded.io.grpc.netty.NettyServerTransport.access$100(NettyServerTransport.java:51)
	at io.grpc.netty.shaded.io.grpc.netty.NettyServerTransport$1TerminationNotifier.operationComplete(NettyServerTransport.java:150)
	at io.grpc.netty.shaded.io.grpc.netty.NettyServerTransport$1TerminationNotifier.operationComplete(NettyServerTransport.java:143)
	at io.grpc.netty.shaded.io.netty.util.concurrent.DefaultPromise.notifyListener0(DefaultPromise.java:603)
	at io.grpc.netty.shaded.io.netty.util.concurrent.DefaultPromise.notifyListeners0(DefaultPromise.java:596)
	at io.grpc.netty.shaded.io.netty.util.concurrent.DefaultPromise.notifyListenersNow(DefaultPromise.java:572)
	at io.grpc.netty.shaded.io.netty.util.concurrent.DefaultPromise.notifyListeners(DefaultPromise.java:505)
	at io.grpc.netty.shaded.io.netty.util.concurrent.DefaultPromise.setValue0(DefaultPromise.java:649)
	at io.grpc.netty.shaded.io.netty.util.concurrent.DefaultPromise.setSuccess0(DefaultPromise.java:638)
	at io.grpc.netty.shaded.io.netty.util.concurrent.DefaultPromise.trySuccess(DefaultPromise.java:118)
	at io.grpc.netty.shaded.io.netty.channel.DefaultChannelPromise.trySuccess(DefaultChannelPromise.java:84)
	at io.grpc.netty.shaded.io.netty.channel.AbstractChannel$CloseFuture.setClosed(AbstractChannel.java:1161)
	at io.grpc.netty.shaded.io.netty.channel.AbstractChannel$AbstractUnsafe.doClose0(AbstractChannel.java:753)
	at io.grpc.netty.shaded.io.netty.channel.AbstractChannel$AbstractUnsafe.close(AbstractChannel.java:729)
	at io.grpc.netty.shaded.io.netty.channel.AbstractChannel$AbstractUnsafe.close(AbstractChannel.java:619)
	at io.grpc.netty.shaded.io.netty.channel.epoll.AbstractEpollChannel$AbstractEpollUnsafe.shutdownInput(AbstractEpollChannel.java:522)
	at io.grpc.netty.shaded.io.netty.channel.epoll.AbstractEpollStreamChannel$EpollStreamUnsafe.epollInReady(AbstractEpollStreamChannel.java:822)
	at io.grpc.netty.shaded.io.netty.channel.epoll.EpollEventLoop.processReady(EpollEventLoop.java:501)
	at io.grpc.netty.shaded.io.netty.channel.epoll.EpollEventLoop.run(EpollEventLoop.java:399)
	at io.grpc.netty.shaded.io.netty.util.concurrent.SingleThreadEventExecutor$4.run(SingleThreadEventExecutor.java:998)
	at io.grpc.netty.shaded.io.netty.util.internal.ThreadExecutorMap$2.run(ThreadExecutorMap.java:74)
	at io.grpc.netty.shaded.io.netty.util.concurrent.FastThreadLocalRunnable.run(FastThreadLocalRunnable.java:30)
	at java.base/java.lang.Thread.run(Thread.java:840)
2026-10-02 12:08:07,373 INFO [1790913794571_172.19.0.1_59992]client disconnected,clear config listen context

2026-10-02 12:08:07,380 INFO Connection transportTerminated,connectionId = 1790913790927_172.19.0.1_45020 

2026-10-02 12:08:07,381 WARN [1790913790927_172.19.0.1_45020] connection  close bi stream exception  : {}

java.lang.IllegalStateException: call already closed
	at com.google.common.base.Preconditions.checkState(Preconditions.java:513)
	at io.grpc.internal.ServerCallImpl.closeInternal(ServerCallImpl.java:218)
	at io.grpc.internal.ServerCallImpl.close(ServerCallImpl.java:213)
	at io.grpc.stub.ServerCalls$ServerCallStreamObserverImpl.onCompleted(ServerCalls.java:396)
	at com.alibaba.nacos.core.remote.grpc.GrpcConnection.closeBiStream(GrpcConnection.java:221)
	at com.alibaba.nacos.core.remote.grpc.GrpcConnection.close(GrpcConnection.java:204)
	at com.alibaba.nacos.core.remote.ConnectionManager.unregister(ConnectionManager.java:164)
	at com.alibaba.nacos.core.remote.grpc.AddressTransportFilter.transportTerminated(AddressTransportFilter.java:78)
	at io.grpc.internal.ServerImpl$ServerTransportListenerImpl.transportTerminated(ServerImpl.java:456)
	at io.grpc.netty.shaded.io.grpc.netty.NettyServerTransport.notifyTerminated(NettyServerTransport.java:216)
	at io.grpc.netty.shaded.io.grpc.netty.NettyServerTransport.access$100(NettyServerTransport.java:51)
	at io.grpc.netty.shaded.io.grpc.netty.NettyServerTransport$1TerminationNotifier.operationComplete(NettyServerTransport.java:150)
	at io.grpc.netty.shaded.io.grpc.netty.NettyServerTransport$1TerminationNotifier.operationComplete(NettyServerTransport.java:143)
	at io.grpc.netty.shaded.io.netty.util.concurrent.DefaultPromise.notifyListener0(DefaultPromise.java:603)
	at io.grpc.netty.shaded.io.netty.util.concurrent.DefaultPromise.notifyListeners0(DefaultPromise.java:596)
	at io.grpc.netty.shaded.io.netty.util.concurrent.DefaultPromise.notifyListenersNow(DefaultPromise.java:572)
	at io.grpc.netty.shaded.io.netty.util.concurrent.DefaultPromise.notifyListeners(DefaultPromise.java:505)
	at io.grpc.netty.shaded.io.netty.util.concurrent.DefaultPromise.setValue0(DefaultPromise.java:649)
	at io.grpc.netty.shaded.io.netty.util.concurrent.DefaultPromise.setSuccess0(DefaultPromise.java:638)
	at io.grpc.netty.shaded.io.netty.util.concurrent.DefaultPromise.trySuccess(DefaultPromise.java:118)
	at io.grpc.netty.shaded.io.netty.channel.DefaultChannelPromise.trySuccess(DefaultChannelPromise.java:84)
	at io.grpc.netty.shaded.io.netty.channel.AbstractChannel$CloseFuture.setClosed(AbstractChannel.java:1161)
	at io.grpc.netty.shaded.io.netty.channel.AbstractChannel$AbstractUnsafe.doClose0(AbstractChannel.java:753)
	at io.grpc.netty.shaded.io.netty.channel.AbstractChannel$AbstractUnsafe.close(AbstractChannel.java:729)
	at io.grpc.netty.shaded.io.netty.channel.AbstractChannel$AbstractUnsafe.close(AbstractChannel.java:619)
	at io.grpc.netty.shaded.io.netty.channel.epoll.AbstractEpollChannel$AbstractEpollUnsafe.shutdownInput(AbstractEpollChannel.java:522)
	at io.grpc.netty.shaded.io.netty.channel.epoll.AbstractEpollStreamChannel$EpollStreamUnsafe.epollInReady(AbstractEpollStreamChannel.java:822)
	at io.grpc.netty.shaded.io.netty.channel.epoll.EpollEventLoop.processReady(EpollEventLoop.java:501)
	at io.grpc.netty.shaded.io.netty.channel.epoll.EpollEventLoop.run(EpollEventLoop.java:399)
	at io.grpc.netty.shaded.io.netty.util.concurrent.SingleThreadEventExecutor$4.run(SingleThreadEventExecutor.java:998)
	at io.grpc.netty.shaded.io.netty.util.internal.ThreadExecutorMap$2.run(ThreadExecutorMap.java:74)
	at io.grpc.netty.shaded.io.netty.util.concurrent.FastThreadLocalRunnable.run(FastThreadLocalRunnable.java:30)
	at java.base/java.lang.Thread.run(Thread.java:840)
2026-10-02 12:08:07,381 INFO [1790913790927_172.19.0.1_45020]client disconnected,clear config listen context

2026-10-02 12:08:07,386 INFO Connection transportTerminated,connectionId = 1790913895218_172.19.0.1_55378 

2026-10-02 12:08:07,389 WARN [1790913895218_172.19.0.1_55378] connection  close bi stream exception  : {}

java.lang.IllegalStateException: call already closed
	at com.google.common.base.Preconditions.checkState(Preconditions.java:513)
	at io.grpc.internal.ServerCallImpl.closeInternal(ServerCallImpl.java:218)
	at io.grpc.internal.ServerCallImpl.close(ServerCallImpl.java:213)
	at io.grpc.stub.ServerCalls$ServerCallStreamObserverImpl.onCompleted(ServerCalls.java:396)
	at com.alibaba.nacos.core.remote.grpc.GrpcConnection.closeBiStream(GrpcConnection.java:221)
	at com.alibaba.nacos.core.remote.grpc.GrpcConnection.close(GrpcConnection.java:204)
	at com.alibaba.nacos.core.remote.ConnectionManager.unregister(ConnectionManager.java:164)
	at com.alibaba.nacos.core.remote.grpc.AddressTransportFilter.transportTerminated(AddressTransportFilter.java:78)
	at io.grpc.internal.ServerImpl$ServerTransportListenerImpl.transportTerminated(ServerImpl.java:456)
	at io.grpc.netty.shaded.io.grpc.netty.NettyServerTransport.notifyTerminated(NettyServerTransport.java:216)
	at io.grpc.netty.shaded.io.grpc.netty.NettyServerTransport.access$100(NettyServerTransport.java:51)
	at io.grpc.netty.shaded.io.grpc.netty.NettyServerTransport$1TerminationNotifier.operationComplete(NettyServerTransport.java:150)
	at io.grpc.netty.shaded.io.grpc.netty.NettyServerTransport$1TerminationNotifier.operationComplete(NettyServerTransport.java:143)
	at io.grpc.netty.shaded.io.netty.util.concurrent.DefaultPromise.notifyListener0(DefaultPromise.java:603)
	at io.grpc.netty.shaded.io.netty.util.concurrent.DefaultPromise.notifyListeners0(DefaultPromise.java:596)
	at io.grpc.netty.shaded.io.netty.util.concurrent.DefaultPromise.notifyListenersNow(DefaultPromise.java:572)
	at io.grpc.netty.shaded.io.netty.util.concurrent.DefaultPromise.notifyListeners(DefaultPromise.java:505)
	at io.grpc.netty.shaded.io.netty.util.concurrent.DefaultPromise.setValue0(DefaultPromise.java:649)
	at io.grpc.netty.shaded.io.netty.util.concurrent.DefaultPromise.setSuccess0(DefaultPromise.java:638)
	at io.grpc.netty.shaded.io.netty.util.concurrent.DefaultPromise.trySuccess(DefaultPromise.java:118)
	at io.grpc.netty.shaded.io.netty.channel.DefaultChannelPromise.trySuccess(DefaultChannelPromise.java:84)
	at io.grpc.netty.shaded.io.netty.channel.AbstractChannel$CloseFuture.setClosed(AbstractChannel.java:1161)
	at io.grpc.netty.shaded.io.netty.channel.AbstractChannel$AbstractUnsafe.doClose0(AbstractChannel.java:753)
	at io.grpc.netty.shaded.io.netty.channel.AbstractChannel$AbstractUnsafe.close(AbstractChannel.java:729)
	at io.grpc.netty.shaded.io.netty.channel.AbstractChannel$AbstractUnsafe.close(AbstractChannel.java:619)
	at io.grpc.netty.shaded.io.netty.channel.epoll.AbstractEpollChannel$AbstractEpollUnsafe.shutdownInput(AbstractEpollChannel.java:522)
	at io.grpc.netty.shaded.io.netty.channel.epoll.AbstractEpollStreamChannel$EpollStreamUnsafe.epollInReady(AbstractEpollStreamChannel.java:822)
	at io.grpc.netty.shaded.io.netty.channel.epoll.EpollEventLoop.processReady(EpollEventLoop.java:501)
	at io.grpc.netty.shaded.io.netty.channel.epoll.EpollEventLoop.run(EpollEventLoop.java:399)
	at io.grpc.netty.shaded.io.netty.util.concurrent.SingleThreadEventExecutor$4.run(SingleThreadEventExecutor.java:998)
	at io.grpc.netty.shaded.io.netty.util.internal.ThreadExecutorMap$2.run(ThreadExecutorMap.java:74)
	at io.grpc.netty.shaded.io.netty.util.concurrent.FastThreadLocalRunnable.run(FastThreadLocalRunnable.java:30)
	at java.base/java.lang.Thread.run(Thread.java:840)
2026-10-02 12:08:07,390 INFO [1790913895218_172.19.0.1_55378]client disconnected,clear config listen context

2026-10-02 12:08:07,393 INFO Connection transportTerminated,connectionId = 1790913877634_172.19.0.1_51072 

2026-10-02 12:08:07,393 WARN [1790913877634_172.19.0.1_51072] connection  close bi stream exception  : {}

java.lang.IllegalStateException: call already closed
	at com.google.common.base.Preconditions.checkState(Preconditions.java:513)
	at io.grpc.internal.ServerCallImpl.closeInternal(ServerCallImpl.java:218)
	at io.grpc.internal.ServerCallImpl.close(ServerCallImpl.java:213)
	at io.grpc.stub.ServerCalls$ServerCallStreamObserverImpl.onCompleted(ServerCalls.java:396)
	at com.alibaba.nacos.core.remote.grpc.GrpcConnection.closeBiStream(GrpcConnection.java:221)
	at com.alibaba.nacos.core.remote.grpc.GrpcConnection.close(GrpcConnection.java:204)
	at com.alibaba.nacos.core.remote.ConnectionManager.unregister(ConnectionManager.java:164)
	at com.alibaba.nacos.core.remote.grpc.AddressTransportFilter.transportTerminated(AddressTransportFilter.java:78)
	at io.grpc.internal.ServerImpl$ServerTransportListenerImpl.transportTerminated(ServerImpl.java:456)
	at io.grpc.netty.shaded.io.grpc.netty.NettyServerTransport.notifyTerminated(NettyServerTransport.java:216)
	at io.grpc.netty.shaded.io.grpc.netty.NettyServerTransport.access$100(NettyServerTransport.java:51)
	at io.grpc.netty.shaded.io.grpc.netty.NettyServerTransport$1TerminationNotifier.operationComplete(NettyServerTransport.java:150)
	at io.grpc.netty.shaded.io.grpc.netty.NettyServerTransport$1TerminationNotifier.operationComplete(NettyServerTransport.java:143)
	at io.grpc.netty.shaded.io.netty.util.concurrent.DefaultPromise.notifyListener0(DefaultPromise.java:603)
	at io.grpc.netty.shaded.io.netty.util.concurrent.DefaultPromise.notifyListeners0(DefaultPromise.java:596)
	at io.grpc.netty.shaded.io.netty.util.concurrent.DefaultPromise.notifyListenersNow(DefaultPromise.java:572)
	at io.grpc.netty.shaded.io.netty.util.concurrent.DefaultPromise.notifyListeners(DefaultPromise.java:505)
	at io.grpc.netty.shaded.io.netty.util.concurrent.DefaultPromise.setValue0(DefaultPromise.java:649)
	at io.grpc.netty.shaded.io.netty.util.concurrent.DefaultPromise.setSuccess0(DefaultPromise.java:638)
	at io.grpc.netty.shaded.io.netty.util.concurrent.DefaultPromise.trySuccess(DefaultPromise.java:118)
	at io.grpc.netty.shaded.io.netty.channel.DefaultChannelPromise.trySuccess(DefaultChannelPromise.java:84)
	at io.grpc.netty.shaded.io.netty.channel.AbstractChannel$CloseFuture.setClosed(AbstractChannel.java:1161)
	at io.grpc.netty.shaded.io.netty.channel.AbstractChannel$AbstractUnsafe.doClose0(AbstractChannel.java:753)
	at io.grpc.netty.shaded.io.netty.channel.AbstractChannel$AbstractUnsafe.close(AbstractChannel.java:729)
	at io.grpc.netty.shaded.io.netty.channel.AbstractChannel$AbstractUnsafe.close(AbstractChannel.java:619)
	at io.grpc.netty.shaded.io.netty.channel.epoll.AbstractEpollChannel$AbstractEpollUnsafe.shutdownInput(AbstractEpollChannel.java:522)
	at io.grpc.netty.shaded.io.netty.channel.epoll.AbstractEpollStreamChannel$EpollStreamUnsafe.epollInReady(AbstractEpollStreamChannel.java:822)
	at io.grpc.netty.shaded.io.netty.channel.epoll.EpollEventLoop.processReady(EpollEventLoop.java:501)
	at io.grpc.netty.shaded.io.netty.channel.epoll.EpollEventLoop.run(EpollEventLoop.java:399)
	at io.grpc.netty.shaded.io.netty.util.concurrent.SingleThreadEventExecutor$4.run(SingleThreadEventExecutor.java:998)
	at io.grpc.netty.shaded.io.netty.util.internal.ThreadExecutorMap$2.run(ThreadExecutorMap.java:74)
	at io.grpc.netty.shaded.io.netty.util.concurrent.FastThreadLocalRunnable.run(FastThreadLocalRunnable.java:30)
	at java.base/java.lang.Thread.run(Thread.java:840)
2026-10-02 12:08:07,394 INFO [1790913877634_172.19.0.1_51072]client disconnected,clear config listen context

2026-10-02 12:08:07,405 INFO Connection transportTerminated,connectionId = 1790913908818_172.19.0.1_39848 

2026-10-02 12:08:07,405 WARN [1790913908818_172.19.0.1_39848] connection  close bi stream exception  : {}

java.lang.IllegalStateException: call already closed
	at com.google.common.base.Preconditions.checkState(Preconditions.java:513)
	at io.grpc.internal.ServerCallImpl.closeInternal(ServerCallImpl.java:218)
	at io.grpc.internal.ServerCallImpl.close(ServerCallImpl.java:213)
	at io.grpc.stub.ServerCalls$ServerCallStreamObserverImpl.onCompleted(ServerCalls.java:396)
	at com.alibaba.nacos.core.remote.grpc.GrpcConnection.closeBiStream(GrpcConnection.java:221)
	at com.alibaba.nacos.core.remote.grpc.GrpcConnection.close(GrpcConnection.java:204)
	at com.alibaba.nacos.core.remote.ConnectionManager.unregister(ConnectionManager.java:164)
	at com.alibaba.nacos.core.remote.grpc.AddressTransportFilter.transportTerminated(AddressTransportFilter.java:78)
	at io.grpc.internal.ServerImpl$ServerTransportListenerImpl.transportTerminated(ServerImpl.java:456)
	at io.grpc.netty.shaded.io.grpc.netty.NettyServerTransport.notifyTerminated(NettyServerTransport.java:216)
	at io.grpc.netty.shaded.io.grpc.netty.NettyServerTransport.access$100(NettyServerTransport.java:51)
	at io.grpc.netty.shaded.io.grpc.netty.NettyServerTransport$1TerminationNotifier.operationComplete(NettyServerTransport.java:150)
	at io.grpc.netty.shaded.io.grpc.netty.NettyServerTransport$1TerminationNotifier.operationComplete(NettyServerTransport.java:143)
	at io.grpc.netty.shaded.io.netty.util.concurrent.DefaultPromise.notifyListener0(DefaultPromise.java:603)
	at io.grpc.netty.shaded.io.netty.util.concurrent.DefaultPromise.notifyListeners0(DefaultPromise.java:596)
	at io.grpc.netty.shaded.io.netty.util.concurrent.DefaultPromise.notifyListenersNow(DefaultPromise.java:572)
	at io.grpc.netty.shaded.io.netty.util.concurrent.DefaultPromise.notifyListeners(DefaultPromise.java:505)
	at io.grpc.netty.shaded.io.netty.util.concurrent.DefaultPromise.setValue0(DefaultPromise.java:649)
	at io.grpc.netty.shaded.io.netty.util.concurrent.DefaultPromise.setSuccess0(DefaultPromise.java:638)
	at io.grpc.netty.shaded.io.netty.util.concurrent.DefaultPromise.trySuccess(DefaultPromise.java:118)
	at io.grpc.netty.shaded.io.netty.channel.DefaultChannelPromise.trySuccess(DefaultChannelPromise.java:84)
	at io.grpc.netty.shaded.io.netty.channel.AbstractChannel$CloseFuture.setClosed(AbstractChannel.java:1161)
	at io.grpc.netty.shaded.io.netty.channel.AbstractChannel$AbstractUnsafe.doClose0(AbstractChannel.java:753)
	at io.grpc.netty.shaded.io.netty.channel.AbstractChannel$AbstractUnsafe.close(AbstractChannel.java:729)
	at io.grpc.netty.shaded.io.netty.channel.AbstractChannel$AbstractUnsafe.close(AbstractChannel.java:619)
	at io.grpc.netty.shaded.io.netty.channel.epoll.AbstractEpollChannel$AbstractEpollUnsafe.shutdownInput(AbstractEpollChannel.java:522)
	at io.grpc.netty.shaded.io.netty.channel.epoll.AbstractEpollStreamChannel$EpollStreamUnsafe.epollInReady(AbstractEpollStreamChannel.java:822)
	at io.grpc.netty.shaded.io.netty.channel.epoll.EpollEventLoop.processReady(EpollEventLoop.java:501)
	at io.grpc.netty.shaded.io.netty.channel.epoll.EpollEventLoop.run(EpollEventLoop.java:399)
	at io.grpc.netty.shaded.io.netty.util.concurrent.SingleThreadEventExecutor$4.run(SingleThreadEventExecutor.java:998)
	at io.grpc.netty.shaded.io.netty.util.internal.ThreadExecutorMap$2.run(ThreadExecutorMap.java:74)
	at io.grpc.netty.shaded.io.netty.util.concurrent.FastThreadLocalRunnable.run(FastThreadLocalRunnable.java:30)
	at java.base/java.lang.Thread.run(Thread.java:840)
2026-10-02 12:08:07,406 INFO [1790913908818_172.19.0.1_39848]client disconnected,clear config listen context

2026-10-02 12:08:26,333 INFO Connection transportReady,connectionId = 1790914106333_172.19.0.1_47992 

2026-10-02 12:08:29,569 INFO Connection transportReady,connectionId = 1790914109569_172.19.0.1_47994 

2026-10-02 12:08:30,289 INFO Connection transportReady,connectionId = 1790914110289_172.19.0.1_48008 

2026-10-02 12:08:31,149 INFO Connection transportReady,connectionId = 1790914111148_172.19.0.1_48016 

2026-10-02 12:08:52,796 INFO Connection transportReady,connectionId = 1790914132796_172.19.0.1_45476 

2026-10-02 12:08:54,768 INFO Connection transportReady,connectionId = 1790914134768_172.19.0.1_44168 

2026-10-02 12:08:57,254 INFO Connection transportReady,connectionId = 1790914137254_172.19.0.1_44174 

2026-10-02 12:08:59,225 INFO Connection transportReady,connectionId = 1790914139225_172.19.0.1_44190 

2026-10-02 12:09:02,704 INFO Connection transportReady,connectionId = 1790914142704_172.19.0.1_44206 

2026-10-02 12:09:03,559 INFO Connection transportReady,connectionId = 1790914143559_172.19.0.1_44216 

2026-10-02 12:10:48,557 INFO Connection transportTerminated,connectionId = 1790914106333_172.19.0.1_47992 

2026-10-02 12:10:48,557 INFO Connection transportTerminated,connectionId = 1790914109569_172.19.0.1_47994 

2026-10-02 12:10:48,560 WARN [1790914106333_172.19.0.1_47992] connection  close bi stream exception  : {}

java.lang.IllegalStateException: call already closed
	at com.google.common.base.Preconditions.checkState(Preconditions.java:513)
	at io.grpc.internal.ServerCallImpl.closeInternal(ServerCallImpl.java:218)
	at io.grpc.internal.ServerCallImpl.close(ServerCallImpl.java:213)
	at io.grpc.stub.ServerCalls$ServerCallStreamObserverImpl.onCompleted(ServerCalls.java:396)
	at com.alibaba.nacos.core.remote.grpc.GrpcConnection.closeBiStream(GrpcConnection.java:221)
	at com.alibaba.nacos.core.remote.grpc.GrpcConnection.close(GrpcConnection.java:204)
	at com.alibaba.nacos.core.remote.ConnectionManager.unregister(ConnectionManager.java:164)
	at com.alibaba.nacos.core.remote.grpc.AddressTransportFilter.transportTerminated(AddressTransportFilter.java:78)
	at io.grpc.internal.ServerImpl$ServerTransportListenerImpl.transportTerminated(ServerImpl.java:456)
	at io.grpc.netty.shaded.io.grpc.netty.NettyServerTransport.notifyTerminated(NettyServerTransport.java:216)
	at io.grpc.netty.shaded.io.grpc.netty.NettyServerTransport.access$100(NettyServerTransport.java:51)
	at io.grpc.netty.shaded.io.grpc.netty.NettyServerTransport$1TerminationNotifier.operationComplete(NettyServerTransport.java:150)
	at io.grpc.netty.shaded.io.grpc.netty.NettyServerTransport$1TerminationNotifier.operationComplete(NettyServerTransport.java:143)
	at io.grpc.netty.shaded.io.netty.util.concurrent.DefaultPromise.notifyListener0(DefaultPromise.java:603)
	at io.grpc.netty.shaded.io.netty.util.concurrent.DefaultPromise.notifyListeners0(DefaultPromise.java:596)
	at io.grpc.netty.shaded.io.netty.util.concurrent.DefaultPromise.notifyListenersNow(DefaultPromise.java:572)
	at io.grpc.netty.shaded.io.netty.util.concurrent.DefaultPromise.notifyListeners(DefaultPromise.java:505)
	at io.grpc.netty.shaded.io.netty.util.concurrent.DefaultPromise.setValue0(DefaultPromise.java:649)
	at io.grpc.netty.shaded.io.netty.util.concurrent.DefaultPromise.setSuccess0(DefaultPromise.java:638)
	at io.grpc.netty.shaded.io.netty.util.concurrent.DefaultPromise.trySuccess(DefaultPromise.java:118)
	at io.grpc.netty.shaded.io.netty.channel.DefaultChannelPromise.trySuccess(DefaultChannelPromise.java:84)
	at io.grpc.netty.shaded.io.netty.channel.AbstractChannel$CloseFuture.setClosed(AbstractChannel.java:1161)
	at io.grpc.netty.shaded.io.netty.channel.AbstractChannel$AbstractUnsafe.doClose0(AbstractChannel.java:753)
	at io.grpc.netty.shaded.io.netty.channel.AbstractChannel$AbstractUnsafe.close(AbstractChannel.java:729)
	at io.grpc.netty.shaded.io.netty.channel.AbstractChannel$AbstractUnsafe.close(AbstractChannel.java:619)
	at io.grpc.netty.shaded.io.netty.channel.epoll.AbstractEpollChannel$AbstractEpollUnsafe.shutdownInput(AbstractEpollChannel.java:522)
	at io.grpc.netty.shaded.io.netty.channel.epoll.AbstractEpollStreamChannel$EpollStreamUnsafe.epollInReady(AbstractEpollStreamChannel.java:822)
	at io.grpc.netty.shaded.io.netty.channel.epoll.EpollEventLoop.processReady(EpollEventLoop.java:501)
	at io.grpc.netty.shaded.io.netty.channel.epoll.EpollEventLoop.run(EpollEventLoop.java:399)
	at io.grpc.netty.shaded.io.netty.util.concurrent.SingleThreadEventExecutor$4.run(SingleThreadEventExecutor.java:998)
	at io.grpc.netty.shaded.io.netty.util.internal.ThreadExecutorMap$2.run(ThreadExecutorMap.java:74)
	at io.grpc.netty.shaded.io.netty.util.concurrent.FastThreadLocalRunnable.run(FastThreadLocalRunnable.java:30)
	at java.base/java.lang.Thread.run(Thread.java:840)
2026-10-02 12:10:48,566 INFO [1790914106333_172.19.0.1_47992]client disconnected,clear config listen context

2026-10-02 12:10:48,567 WARN [1790914109569_172.19.0.1_47994] connection  close bi stream exception  : {}

java.lang.IllegalStateException: call already closed
	at com.google.common.base.Preconditions.checkState(Preconditions.java:513)
	at io.grpc.internal.ServerCallImpl.closeInternal(ServerCallImpl.java:218)
	at io.grpc.internal.ServerCallImpl.close(ServerCallImpl.java:213)
	at io.grpc.stub.ServerCalls$ServerCallStreamObserverImpl.onCompleted(ServerCalls.java:396)
	at com.alibaba.nacos.core.remote.grpc.GrpcConnection.closeBiStream(GrpcConnection.java:221)
	at com.alibaba.nacos.core.remote.grpc.GrpcConnection.close(GrpcConnection.java:204)
	at com.alibaba.nacos.core.remote.ConnectionManager.unregister(ConnectionManager.java:164)
	at com.alibaba.nacos.core.remote.grpc.AddressTransportFilter.transportTerminated(AddressTransportFilter.java:78)
	at io.grpc.internal.ServerImpl$ServerTransportListenerImpl.transportTerminated(ServerImpl.java:456)
	at io.grpc.netty.shaded.io.grpc.netty.NettyServerTransport.notifyTerminated(NettyServerTransport.java:216)
	at io.grpc.netty.shaded.io.grpc.netty.NettyServerTransport.access$100(NettyServerTransport.java:51)
	at io.grpc.netty.shaded.io.grpc.netty.NettyServerTransport$1TerminationNotifier.operationComplete(NettyServerTransport.java:150)
	at io.grpc.netty.shaded.io.grpc.netty.NettyServerTransport$1TerminationNotifier.operationComplete(NettyServerTransport.java:143)
	at io.grpc.netty.shaded.io.netty.util.concurrent.DefaultPromise.notifyListener0(DefaultPromise.java:603)
	at io.grpc.netty.shaded.io.netty.util.concurrent.DefaultPromise.notifyListeners0(DefaultPromise.java:596)
	at io.grpc.netty.shaded.io.netty.util.concurrent.DefaultPromise.notifyListenersNow(DefaultPromise.java:572)
	at io.grpc.netty.shaded.io.netty.util.concurrent.DefaultPromise.notifyListeners(DefaultPromise.java:505)
	at io.grpc.netty.shaded.io.netty.util.concurrent.DefaultPromise.setValue0(DefaultPromise.java:649)
	at io.grpc.netty.shaded.io.netty.util.concurrent.DefaultPromise.setSuccess0(DefaultPromise.java:638)
	at io.grpc.netty.shaded.io.netty.util.concurrent.DefaultPromise.trySuccess(DefaultPromise.java:118)
	at io.grpc.netty.shaded.io.netty.channel.DefaultChannelPromise.trySuccess(DefaultChannelPromise.java:84)
	at io.grpc.netty.shaded.io.netty.channel.AbstractChannel$CloseFuture.setClosed(AbstractChannel.java:1161)
	at io.grpc.netty.shaded.io.netty.channel.AbstractChannel$AbstractUnsafe.doClose0(AbstractChannel.java:753)
	at io.grpc.netty.shaded.io.netty.channel.AbstractChannel$AbstractUnsafe.close(AbstractChannel.java:729)
	at io.grpc.netty.shaded.io.netty.channel.AbstractChannel$AbstractUnsafe.close(AbstractChannel.java:619)
	at io.grpc.netty.shaded.io.netty.channel.epoll.AbstractEpollChannel$AbstractEpollUnsafe.shutdownInput(AbstractEpollChannel.java:522)
	at io.grpc.netty.shaded.io.netty.channel.epoll.AbstractEpollStreamChannel$EpollStreamUnsafe.epollInReady(AbstractEpollStreamChannel.java:822)
	at io.grpc.netty.shaded.io.netty.channel.epoll.AbstractEpollChannel$AbstractEpollUnsafe.epollRdHupReady(AbstractEpollChannel.java:480)
	at io.grpc.netty.shaded.io.netty.channel.epoll.EpollEventLoop.processReady(EpollEventLoop.java:508)
	at io.grpc.netty.shaded.io.netty.channel.epoll.EpollEventLoop.run(EpollEventLoop.java:399)
	at io.grpc.netty.shaded.io.netty.util.concurrent.SingleThreadEventExecutor$4.run(SingleThreadEventExecutor.java:998)
	at io.grpc.netty.shaded.io.netty.util.internal.ThreadExecutorMap$2.run(ThreadExecutorMap.java:74)
	at io.grpc.netty.shaded.io.netty.util.concurrent.FastThreadLocalRunnable.run(FastThreadLocalRunnable.java:30)
	at java.base/java.lang.Thread.run(Thread.java:840)
2026-10-02 12:10:48,574 INFO [1790914109569_172.19.0.1_47994]client disconnected,clear config listen context

2026-10-02 12:10:48,574 INFO Connection transportTerminated,connectionId = 1790914137254_172.19.0.1_44174 

2026-10-02 12:10:48,575 WARN [1790914137254_172.19.0.1_44174] connection  close bi stream exception  : {}

java.lang.IllegalStateException: call already closed
	at com.google.common.base.Preconditions.checkState(Preconditions.java:513)
	at io.grpc.internal.ServerCallImpl.closeInternal(ServerCallImpl.java:218)
	at io.grpc.internal.ServerCallImpl.close(ServerCallImpl.java:213)
	at io.grpc.stub.ServerCalls$ServerCallStreamObserverImpl.onCompleted(ServerCalls.java:396)
	at com.alibaba.nacos.core.remote.grpc.GrpcConnection.closeBiStream(GrpcConnection.java:221)
	at com.alibaba.nacos.core.remote.grpc.GrpcConnection.close(GrpcConnection.java:204)
	at com.alibaba.nacos.core.remote.ConnectionManager.unregister(ConnectionManager.java:164)
	at com.alibaba.nacos.core.remote.grpc.AddressTransportFilter.transportTerminated(AddressTransportFilter.java:78)
	at io.grpc.internal.ServerImpl$ServerTransportListenerImpl.transportTerminated(ServerImpl.java:456)
	at io.grpc.netty.shaded.io.grpc.netty.NettyServerTransport.notifyTerminated(NettyServerTransport.java:216)
	at io.grpc.netty.shaded.io.grpc.netty.NettyServerTransport.access$100(NettyServerTransport.java:51)
	at io.grpc.netty.shaded.io.grpc.netty.NettyServerTransport$1TerminationNotifier.operationComplete(NettyServerTransport.java:150)
	at io.grpc.netty.shaded.io.grpc.netty.NettyServerTransport$1TerminationNotifier.operationComplete(NettyServerTransport.java:143)
	at io.grpc.netty.shaded.io.netty.util.concurrent.DefaultPromise.notifyListener0(DefaultPromise.java:603)
	at io.grpc.netty.shaded.io.netty.util.concurrent.DefaultPromise.notifyListeners0(DefaultPromise.java:596)
	at io.grpc.netty.shaded.io.netty.util.concurrent.DefaultPromise.notifyListenersNow(DefaultPromise.java:572)
	at io.grpc.netty.shaded.io.netty.util.concurrent.DefaultPromise.notifyListeners(DefaultPromise.java:505)
	at io.grpc.netty.shaded.io.netty.util.concurrent.DefaultPromise.setValue0(DefaultPromise.java:649)
	at io.grpc.netty.shaded.io.netty.util.concurrent.DefaultPromise.setSuccess0(DefaultPromise.java:638)
	at io.grpc.netty.shaded.io.netty.util.concurrent.DefaultPromise.trySuccess(DefaultPromise.java:118)
	at io.grpc.netty.shaded.io.netty.channel.DefaultChannelPromise.trySuccess(DefaultChannelPromise.java:84)
	at io.grpc.netty.shaded.io.netty.channel.AbstractChannel$CloseFuture.setClosed(AbstractChannel.java:1161)
	at io.grpc.netty.shaded.io.netty.channel.AbstractChannel$AbstractUnsafe.doClose0(AbstractChannel.java:753)
	at io.grpc.netty.shaded.io.netty.channel.AbstractChannel$AbstractUnsafe.close(AbstractChannel.java:729)
	at io.grpc.netty.shaded.io.netty.channel.AbstractChannel$AbstractUnsafe.close(AbstractChannel.java:619)
	at io.grpc.netty.shaded.io.netty.channel.epoll.AbstractEpollChannel$AbstractEpollUnsafe.shutdownInput(AbstractEpollChannel.java:522)
	at io.grpc.netty.shaded.io.netty.channel.epoll.AbstractEpollStreamChannel$EpollStreamUnsafe.epollInReady(AbstractEpollStreamChannel.java:822)
	at io.grpc.netty.shaded.io.netty.channel.epoll.EpollEventLoop.processReady(EpollEventLoop.java:501)
	at io.grpc.netty.shaded.io.netty.channel.epoll.EpollEventLoop.run(EpollEventLoop.java:399)
	at io.grpc.netty.shaded.io.netty.util.concurrent.SingleThreadEventExecutor$4.run(SingleThreadEventExecutor.java:998)
	at io.grpc.netty.shaded.io.netty.util.internal.ThreadExecutorMap$2.run(ThreadExecutorMap.java:74)
	at io.grpc.netty.shaded.io.netty.util.concurrent.FastThreadLocalRunnable.run(FastThreadLocalRunnable.java:30)
	at java.base/java.lang.Thread.run(Thread.java:840)
2026-10-02 12:10:48,578 INFO [1790914137254_172.19.0.1_44174]client disconnected,clear config listen context

2026-10-02 12:10:48,582 INFO Connection transportTerminated,connectionId = 1790914132796_172.19.0.1_45476 

2026-10-02 12:10:48,583 WARN [1790914132796_172.19.0.1_45476] connection  close bi stream exception  : {}

java.lang.IllegalStateException: call already closed
	at com.google.common.base.Preconditions.checkState(Preconditions.java:513)
	at io.grpc.internal.ServerCallImpl.closeInternal(ServerCallImpl.java:218)
	at io.grpc.internal.ServerCallImpl.close(ServerCallImpl.java:213)
	at io.grpc.stub.ServerCalls$ServerCallStreamObserverImpl.onCompleted(ServerCalls.java:396)
	at com.alibaba.nacos.core.remote.grpc.GrpcConnection.closeBiStream(GrpcConnection.java:221)
	at com.alibaba.nacos.core.remote.grpc.GrpcConnection.close(GrpcConnection.java:204)
	at com.alibaba.nacos.core.remote.ConnectionManager.unregister(ConnectionManager.java:164)
	at com.alibaba.nacos.core.remote.grpc.AddressTransportFilter.transportTerminated(AddressTransportFilter.java:78)
	at io.grpc.internal.ServerImpl$ServerTransportListenerImpl.transportTerminated(ServerImpl.java:456)
	at io.grpc.netty.shaded.io.grpc.netty.NettyServerTransport.notifyTerminated(NettyServerTransport.java:216)
	at io.grpc.netty.shaded.io.grpc.netty.NettyServerTransport.access$100(NettyServerTransport.java:51)
	at io.grpc.netty.shaded.io.grpc.netty.NettyServerTransport$1TerminationNotifier.operationComplete(NettyServerTransport.java:150)
	at io.grpc.netty.shaded.io.grpc.netty.NettyServerTransport$1TerminationNotifier.operationComplete(NettyServerTransport.java:143)
	at io.grpc.netty.shaded.io.netty.util.concurrent.DefaultPromise.notifyListener0(DefaultPromise.java:603)
	at io.grpc.netty.shaded.io.netty.util.concurrent.DefaultPromise.notifyListeners0(DefaultPromise.java:596)
	at io.grpc.netty.shaded.io.netty.util.concurrent.DefaultPromise.notifyListenersNow(DefaultPromise.java:572)
	at io.grpc.netty.shaded.io.netty.util.concurrent.DefaultPromise.notifyListeners(DefaultPromise.java:505)
	at io.grpc.netty.shaded.io.netty.util.concurrent.DefaultPromise.setValue0(DefaultPromise.java:649)
	at io.grpc.netty.shaded.io.netty.util.concurrent.DefaultPromise.setSuccess0(DefaultPromise.java:638)
	at io.grpc.netty.shaded.io.netty.util.concurrent.DefaultPromise.trySuccess(DefaultPromise.java:118)
	at io.grpc.netty.shaded.io.netty.channel.DefaultChannelPromise.trySuccess(DefaultChannelPromise.java:84)
	at io.grpc.netty.shaded.io.netty.channel.AbstractChannel$CloseFuture.setClosed(AbstractChannel.java:1161)
	at io.grpc.netty.shaded.io.netty.channel.AbstractChannel$AbstractUnsafe.doClose0(AbstractChannel.java:753)
	at io.grpc.netty.shaded.io.netty.channel.AbstractChannel$AbstractUnsafe.close(AbstractChannel.java:729)
	at io.grpc.netty.shaded.io.netty.channel.AbstractChannel$AbstractUnsafe.close(AbstractChannel.java:619)
	at io.grpc.netty.shaded.io.netty.channel.epoll.AbstractEpollChannel$AbstractEpollUnsafe.shutdownInput(AbstractEpollChannel.java:522)
	at io.grpc.netty.shaded.io.netty.channel.epoll.AbstractEpollStreamChannel$EpollStreamUnsafe.epollInReady(AbstractEpollStreamChannel.java:822)
	at io.grpc.netty.shaded.io.netty.channel.epoll.AbstractEpollChannel$AbstractEpollUnsafe.epollRdHupReady(AbstractEpollChannel.java:480)
	at io.grpc.netty.shaded.io.netty.channel.epoll.EpollEventLoop.processReady(EpollEventLoop.java:508)
	at io.grpc.netty.shaded.io.netty.channel.epoll.EpollEventLoop.run(EpollEventLoop.java:399)
	at io.grpc.netty.shaded.io.netty.util.concurrent.SingleThreadEventExecutor$4.run(SingleThreadEventExecutor.java:998)
	at io.grpc.netty.shaded.io.netty.util.internal.ThreadExecutorMap$2.run(ThreadExecutorMap.java:74)
	at io.grpc.netty.shaded.io.netty.util.concurrent.FastThreadLocalRunnable.run(FastThreadLocalRunnable.java:30)
	at java.base/java.lang.Thread.run(Thread.java:840)
2026-10-02 12:10:48,589 INFO [1790914132796_172.19.0.1_45476]client disconnected,clear config listen context

2026-10-02 12:10:48,594 INFO Connection transportTerminated,connectionId = 1790914139225_172.19.0.1_44190 

2026-10-02 12:10:48,600 WARN [1790914139225_172.19.0.1_44190] connection  close bi stream exception  : {}

java.lang.IllegalStateException: call already closed
	at com.google.common.base.Preconditions.checkState(Preconditions.java:513)
	at io.grpc.internal.ServerCallImpl.closeInternal(ServerCallImpl.java:218)
	at io.grpc.internal.ServerCallImpl.close(ServerCallImpl.java:213)
	at io.grpc.stub.ServerCalls$ServerCallStreamObserverImpl.onCompleted(ServerCalls.java:396)
	at com.alibaba.nacos.core.remote.grpc.GrpcConnection.closeBiStream(GrpcConnection.java:221)
	at com.alibaba.nacos.core.remote.grpc.GrpcConnection.close(GrpcConnection.java:204)
	at com.alibaba.nacos.core.remote.ConnectionManager.unregister(ConnectionManager.java:164)
	at com.alibaba.nacos.core.remote.grpc.AddressTransportFilter.transportTerminated(AddressTransportFilter.java:78)
	at io.grpc.internal.ServerImpl$ServerTransportListenerImpl.transportTerminated(ServerImpl.java:456)
	at io.grpc.netty.shaded.io.grpc.netty.NettyServerTransport.notifyTerminated(NettyServerTransport.java:216)
	at io.grpc.netty.shaded.io.grpc.netty.NettyServerTransport.access$100(NettyServerTransport.java:51)
	at io.grpc.netty.shaded.io.grpc.netty.NettyServerTransport$1TerminationNotifier.operationComplete(NettyServerTransport.java:150)
	at io.grpc.netty.shaded.io.grpc.netty.NettyServerTransport$1TerminationNotifier.operationComplete(NettyServerTransport.java:143)
	at io.grpc.netty.shaded.io.netty.util.concurrent.DefaultPromise.notifyListener0(DefaultPromise.java:603)
	at io.grpc.netty.shaded.io.netty.util.concurrent.DefaultPromise.notifyListeners0(DefaultPromise.java:596)
	at io.grpc.netty.shaded.io.netty.util.concurrent.DefaultPromise.notifyListenersNow(DefaultPromise.java:572)
	at io.grpc.netty.shaded.io.netty.util.concurrent.DefaultPromise.notifyListeners(DefaultPromise.java:505)
	at io.grpc.netty.shaded.io.netty.util.concurrent.DefaultPromise.setValue0(DefaultPromise.java:649)
	at io.grpc.netty.shaded.io.netty.util.concurrent.DefaultPromise.setSuccess0(DefaultPromise.java:638)
	at io.grpc.netty.shaded.io.netty.util.concurrent.DefaultPromise.trySuccess(DefaultPromise.java:118)
	at io.grpc.netty.shaded.io.netty.channel.DefaultChannelPromise.trySuccess(DefaultChannelPromise.java:84)
	at io.grpc.netty.shaded.io.netty.channel.AbstractChannel$CloseFuture.setClosed(AbstractChannel.java:1161)
	at io.grpc.netty.shaded.io.netty.channel.AbstractChannel$AbstractUnsafe.doClose0(AbstractChannel.java:753)
	at io.grpc.netty.shaded.io.netty.channel.AbstractChannel$AbstractUnsafe.close(AbstractChannel.java:729)
	at io.grpc.netty.shaded.io.netty.channel.AbstractChannel$AbstractUnsafe.close(AbstractChannel.java:619)
	at io.grpc.netty.shaded.io.netty.channel.epoll.AbstractEpollChannel$AbstractEpollUnsafe.shutdownInput(AbstractEpollChannel.java:522)
	at io.grpc.netty.shaded.io.netty.channel.epoll.AbstractEpollStreamChannel$EpollStreamUnsafe.epollInReady(AbstractEpollStreamChannel.java:822)
	at io.grpc.netty.shaded.io.netty.channel.epoll.EpollEventLoop.processReady(EpollEventLoop.java:501)
	at io.grpc.netty.shaded.io.netty.channel.epoll.EpollEventLoop.run(EpollEventLoop.java:399)
	at io.grpc.netty.shaded.io.netty.util.concurrent.SingleThreadEventExecutor$4.run(SingleThreadEventExecutor.java:998)
	at io.grpc.netty.shaded.io.netty.util.internal.ThreadExecutorMap$2.run(ThreadExecutorMap.java:74)
	at io.grpc.netty.shaded.io.netty.util.concurrent.FastThreadLocalRunnable.run(FastThreadLocalRunnable.java:30)
	at java.base/java.lang.Thread.run(Thread.java:840)
2026-10-02 12:10:48,603 INFO [1790914139225_172.19.0.1_44190]client disconnected,clear config listen context

2026-10-02 12:10:48,643 INFO Connection transportTerminated,connectionId = 1790914143559_172.19.0.1_44216 

2026-10-02 12:10:48,644 WARN [1790914143559_172.19.0.1_44216] connection  close bi stream exception  : {}

java.lang.IllegalStateException: call already closed
	at com.google.common.base.Preconditions.checkState(Preconditions.java:513)
	at io.grpc.internal.ServerCallImpl.closeInternal(ServerCallImpl.java:218)
	at io.grpc.internal.ServerCallImpl.close(ServerCallImpl.java:213)
	at io.grpc.stub.ServerCalls$ServerCallStreamObserverImpl.onCompleted(ServerCalls.java:396)
	at com.alibaba.nacos.core.remote.grpc.GrpcConnection.closeBiStream(GrpcConnection.java:221)
	at com.alibaba.nacos.core.remote.grpc.GrpcConnection.close(GrpcConnection.java:204)
	at com.alibaba.nacos.core.remote.ConnectionManager.unregister(ConnectionManager.java:164)
	at com.alibaba.nacos.core.remote.grpc.AddressTransportFilter.transportTerminated(AddressTransportFilter.java:78)
	at io.grpc.internal.ServerImpl$ServerTransportListenerImpl.transportTerminated(ServerImpl.java:456)
	at io.grpc.netty.shaded.io.grpc.netty.NettyServerTransport.notifyTerminated(NettyServerTransport.java:216)
	at io.grpc.netty.shaded.io.grpc.netty.NettyServerTransport.access$100(NettyServerTransport.java:51)
	at io.grpc.netty.shaded.io.grpc.netty.NettyServerTransport$1TerminationNotifier.operationComplete(NettyServerTransport.java:150)
	at io.grpc.netty.shaded.io.grpc.netty.NettyServerTransport$1TerminationNotifier.operationComplete(NettyServerTransport.java:143)
	at io.grpc.netty.shaded.io.netty.util.concurrent.DefaultPromise.notifyListener0(DefaultPromise.java:603)
	at io.grpc.netty.shaded.io.netty.util.concurrent.DefaultPromise.notifyListeners0(DefaultPromise.java:596)
	at io.grpc.netty.shaded.io.netty.util.concurrent.DefaultPromise.notifyListenersNow(DefaultPromise.java:572)
	at io.grpc.netty.shaded.io.netty.util.concurrent.DefaultPromise.notifyListeners(DefaultPromise.java:505)
	at io.grpc.netty.shaded.io.netty.util.concurrent.DefaultPromise.setValue0(DefaultPromise.java:649)
	at io.grpc.netty.shaded.io.netty.util.concurrent.DefaultPromise.setSuccess0(DefaultPromise.java:638)
	at io.grpc.netty.shaded.io.netty.util.concurrent.DefaultPromise.trySuccess(DefaultPromise.java:118)
	at io.grpc.netty.shaded.io.netty.channel.DefaultChannelPromise.trySuccess(DefaultChannelPromise.java:84)
	at io.grpc.netty.shaded.io.netty.channel.AbstractChannel$CloseFuture.setClosed(AbstractChannel.java:1161)
	at io.grpc.netty.shaded.io.netty.channel.AbstractChannel$AbstractUnsafe.doClose0(AbstractChannel.java:753)
	at io.grpc.netty.shaded.io.netty.channel.AbstractChannel$AbstractUnsafe.close(AbstractChannel.java:729)
	at io.grpc.netty.shaded.io.netty.channel.AbstractChannel$AbstractUnsafe.close(AbstractChannel.java:619)
	at io.grpc.netty.shaded.io.netty.channel.epoll.AbstractEpollChannel$AbstractEpollUnsafe.shutdownInput(AbstractEpollChannel.java:522)
	at io.grpc.netty.shaded.io.netty.channel.epoll.AbstractEpollStreamChannel$EpollStreamUnsafe.epollInReady(AbstractEpollStreamChannel.java:822)
	at io.grpc.netty.shaded.io.netty.channel.epoll.EpollEventLoop.processReady(EpollEventLoop.java:501)
	at io.grpc.netty.shaded.io.netty.channel.epoll.EpollEventLoop.run(EpollEventLoop.java:399)
	at io.grpc.netty.shaded.io.netty.util.concurrent.SingleThreadEventExecutor$4.run(SingleThreadEventExecutor.java:998)
	at io.grpc.netty.shaded.io.netty.util.internal.ThreadExecutorMap$2.run(ThreadExecutorMap.java:74)
	at io.grpc.netty.shaded.io.netty.util.concurrent.FastThreadLocalRunnable.run(FastThreadLocalRunnable.java:30)
	at java.base/java.lang.Thread.run(Thread.java:840)
2026-10-02 12:10:48,646 INFO Connection transportTerminated,connectionId = 1790914134768_172.19.0.1_44168 

2026-10-02 12:10:48,648 INFO [1790914143559_172.19.0.1_44216]client disconnected,clear config listen context

2026-10-02 12:10:48,649 WARN [1790914134768_172.19.0.1_44168] connection  close bi stream exception  : {}

java.lang.IllegalStateException: call already closed
	at com.google.common.base.Preconditions.checkState(Preconditions.java:513)
	at io.grpc.internal.ServerCallImpl.closeInternal(ServerCallImpl.java:218)
	at io.grpc.internal.ServerCallImpl.close(ServerCallImpl.java:213)
	at io.grpc.stub.ServerCalls$ServerCallStreamObserverImpl.onCompleted(ServerCalls.java:396)
	at com.alibaba.nacos.core.remote.grpc.GrpcConnection.closeBiStream(GrpcConnection.java:221)
	at com.alibaba.nacos.core.remote.grpc.GrpcConnection.close(GrpcConnection.java:204)
	at com.alibaba.nacos.core.remote.ConnectionManager.unregister(ConnectionManager.java:164)
	at com.alibaba.nacos.core.remote.grpc.AddressTransportFilter.transportTerminated(AddressTransportFilter.java:78)
	at io.grpc.internal.ServerImpl$ServerTransportListenerImpl.transportTerminated(ServerImpl.java:456)
	at io.grpc.netty.shaded.io.grpc.netty.NettyServerTransport.notifyTerminated(NettyServerTransport.java:216)
	at io.grpc.netty.shaded.io.grpc.netty.NettyServerTransport.access$100(NettyServerTransport.java:51)
	at io.grpc.netty.shaded.io.grpc.netty.NettyServerTransport$1TerminationNotifier.operationComplete(NettyServerTransport.java:150)
	at io.grpc.netty.shaded.io.grpc.netty.NettyServerTransport$1TerminationNotifier.operationComplete(NettyServerTransport.java:143)
	at io.grpc.netty.shaded.io.netty.util.concurrent.DefaultPromise.notifyListener0(DefaultPromise.java:603)
	at io.grpc.netty.shaded.io.netty.util.concurrent.DefaultPromise.notifyListeners0(DefaultPromise.java:596)
	at io.grpc.netty.shaded.io.netty.util.concurrent.DefaultPromise.notifyListenersNow(DefaultPromise.java:572)
	at io.grpc.netty.shaded.io.netty.util.concurrent.DefaultPromise.notifyListeners(DefaultPromise.java:505)
	at io.grpc.netty.shaded.io.netty.util.concurrent.DefaultPromise.setValue0(DefaultPromise.java:649)
	at io.grpc.netty.shaded.io.netty.util.concurrent.DefaultPromise.setSuccess0(DefaultPromise.java:638)
	at io.grpc.netty.shaded.io.netty.util.concurrent.DefaultPromise.trySuccess(DefaultPromise.java:118)
	at io.grpc.netty.shaded.io.netty.channel.DefaultChannelPromise.trySuccess(DefaultChannelPromise.java:84)
	at io.grpc.netty.shaded.io.netty.channel.AbstractChannel$CloseFuture.setClosed(AbstractChannel.java:1161)
	at io.grpc.netty.shaded.io.netty.channel.AbstractChannel$AbstractUnsafe.doClose0(AbstractChannel.java:753)
	at io.grpc.netty.shaded.io.netty.channel.AbstractChannel$AbstractUnsafe.close(AbstractChannel.java:729)
	at io.grpc.netty.shaded.io.netty.channel.AbstractChannel$AbstractUnsafe.close(AbstractChannel.java:619)
	at io.grpc.netty.shaded.io.netty.channel.epoll.AbstractEpollChannel$AbstractEpollUnsafe.shutdownInput(AbstractEpollChannel.java:522)
	at io.grpc.netty.shaded.io.netty.channel.epoll.AbstractEpollStreamChannel$EpollStreamUnsafe.epollInReady(AbstractEpollStreamChannel.java:822)
	at io.grpc.netty.shaded.io.netty.channel.epoll.AbstractEpollChannel$AbstractEpollUnsafe.epollRdHupReady(AbstractEpollChannel.java:480)
	at io.grpc.netty.shaded.io.netty.channel.epoll.EpollEventLoop.processReady(EpollEventLoop.java:508)
	at io.grpc.netty.shaded.io.netty.channel.epoll.EpollEventLoop.run(EpollEventLoop.java:399)
	at io.grpc.netty.shaded.io.netty.util.concurrent.SingleThreadEventExecutor$4.run(SingleThreadEventExecutor.java:998)
	at io.grpc.netty.shaded.io.netty.util.internal.ThreadExecutorMap$2.run(ThreadExecutorMap.java:74)
	at io.grpc.netty.shaded.io.netty.util.concurrent.FastThreadLocalRunnable.run(FastThreadLocalRunnable.java:30)
	at java.base/java.lang.Thread.run(Thread.java:840)
2026-10-02 12:10:48,650 INFO [1790914134768_172.19.0.1_44168]client disconnected,clear config listen context

2026-10-02 12:10:48,654 INFO Connection transportTerminated,connectionId = 1790914110289_172.19.0.1_48008 

2026-10-02 12:10:48,654 WARN [1790914110289_172.19.0.1_48008] connection  close bi stream exception  : {}

java.lang.IllegalStateException: call already closed
	at com.google.common.base.Preconditions.checkState(Preconditions.java:513)
	at io.grpc.internal.ServerCallImpl.closeInternal(ServerCallImpl.java:218)
	at io.grpc.internal.ServerCallImpl.close(ServerCallImpl.java:213)
	at io.grpc.stub.ServerCalls$ServerCallStreamObserverImpl.onCompleted(ServerCalls.java:396)
	at com.alibaba.nacos.core.remote.grpc.GrpcConnection.closeBiStream(GrpcConnection.java:221)
	at com.alibaba.nacos.core.remote.grpc.GrpcConnection.close(GrpcConnection.java:204)
	at com.alibaba.nacos.core.remote.ConnectionManager.unregister(ConnectionManager.java:164)
	at com.alibaba.nacos.core.remote.grpc.AddressTransportFilter.transportTerminated(AddressTransportFilter.java:78)
	at io.grpc.internal.ServerImpl$ServerTransportListenerImpl.transportTerminated(ServerImpl.java:456)
	at io.grpc.netty.shaded.io.grpc.netty.NettyServerTransport.notifyTerminated(NettyServerTransport.java:216)
	at io.grpc.netty.shaded.io.grpc.netty.NettyServerTransport.access$100(NettyServerTransport.java:51)
	at io.grpc.netty.shaded.io.grpc.netty.NettyServerTransport$1TerminationNotifier.operationComplete(NettyServerTransport.java:150)
	at io.grpc.netty.shaded.io.grpc.netty.NettyServerTransport$1TerminationNotifier.operationComplete(NettyServerTransport.java:143)
	at io.grpc.netty.shaded.io.netty.util.concurrent.DefaultPromise.notifyListener0(DefaultPromise.java:603)
	at io.grpc.netty.shaded.io.netty.util.concurrent.DefaultPromise.notifyListeners0(DefaultPromise.java:596)
	at io.grpc.netty.shaded.io.netty.util.concurrent.DefaultPromise.notifyListenersNow(DefaultPromise.java:572)
	at io.grpc.netty.shaded.io.netty.util.concurrent.DefaultPromise.notifyListeners(DefaultPromise.java:505)
	at io.grpc.netty.shaded.io.netty.util.concurrent.DefaultPromise.setValue0(DefaultPromise.java:649)
	at io.grpc.netty.shaded.io.netty.util.concurrent.DefaultPromise.setSuccess0(DefaultPromise.java:638)
	at io.grpc.netty.shaded.io.netty.util.concurrent.DefaultPromise.trySuccess(DefaultPromise.java:118)
	at io.grpc.netty.shaded.io.netty.channel.DefaultChannelPromise.trySuccess(DefaultChannelPromise.java:84)
	at io.grpc.netty.shaded.io.netty.channel.AbstractChannel$CloseFuture.setClosed(AbstractChannel.java:1161)
	at io.grpc.netty.shaded.io.netty.channel.AbstractChannel$AbstractUnsafe.doClose0(AbstractChannel.java:753)
	at io.grpc.netty.shaded.io.netty.channel.AbstractChannel$AbstractUnsafe.close(AbstractChannel.java:729)
	at io.grpc.netty.shaded.io.netty.channel.AbstractChannel$AbstractUnsafe.close(AbstractChannel.java:619)
	at io.grpc.netty.shaded.io.netty.channel.epoll.AbstractEpollChannel$AbstractEpollUnsafe.shutdownInput(AbstractEpollChannel.java:522)
	at io.grpc.netty.shaded.io.netty.channel.epoll.AbstractEpollStreamChannel$EpollStreamUnsafe.epollInReady(AbstractEpollStreamChannel.java:822)
	at io.grpc.netty.shaded.io.netty.channel.epoll.EpollEventLoop.processReady(EpollEventLoop.java:501)
	at io.grpc.netty.shaded.io.netty.channel.epoll.EpollEventLoop.run(EpollEventLoop.java:399)
	at io.grpc.netty.shaded.io.netty.util.concurrent.SingleThreadEventExecutor$4.run(SingleThreadEventExecutor.java:998)
	at io.grpc.netty.shaded.io.netty.util.internal.ThreadExecutorMap$2.run(ThreadExecutorMap.java:74)
	at io.grpc.netty.shaded.io.netty.util.concurrent.FastThreadLocalRunnable.run(FastThreadLocalRunnable.java:30)
	at java.base/java.lang.Thread.run(Thread.java:840)
2026-10-02 12:10:48,655 INFO [1790914110289_172.19.0.1_48008]client disconnected,clear config listen context

2026-10-02 12:10:48,658 INFO Connection transportTerminated,connectionId = 1790914142704_172.19.0.1_44206 

2026-10-02 12:10:48,659 WARN [1790914142704_172.19.0.1_44206] connection  close bi stream exception  : {}

java.lang.IllegalStateException: call already closed
	at com.google.common.base.Preconditions.checkState(Preconditions.java:513)
	at io.grpc.internal.ServerCallImpl.closeInternal(ServerCallImpl.java:218)
	at io.grpc.internal.ServerCallImpl.close(ServerCallImpl.java:213)
	at io.grpc.stub.ServerCalls$ServerCallStreamObserverImpl.onCompleted(ServerCalls.java:396)
	at com.alibaba.nacos.core.remote.grpc.GrpcConnection.closeBiStream(GrpcConnection.java:221)
	at com.alibaba.nacos.core.remote.grpc.GrpcConnection.close(GrpcConnection.java:204)
	at com.alibaba.nacos.core.remote.ConnectionManager.unregister(ConnectionManager.java:164)
	at com.alibaba.nacos.core.remote.grpc.AddressTransportFilter.transportTerminated(AddressTransportFilter.java:78)
	at io.grpc.internal.ServerImpl$ServerTransportListenerImpl.transportTerminated(ServerImpl.java:456)
	at io.grpc.netty.shaded.io.grpc.netty.NettyServerTransport.notifyTerminated(NettyServerTransport.java:216)
	at io.grpc.netty.shaded.io.grpc.netty.NettyServerTransport.access$100(NettyServerTransport.java:51)
	at io.grpc.netty.shaded.io.grpc.netty.NettyServerTransport$1TerminationNotifier.operationComplete(NettyServerTransport.java:150)
	at io.grpc.netty.shaded.io.grpc.netty.NettyServerTransport$1TerminationNotifier.operationComplete(NettyServerTransport.java:143)
	at io.grpc.netty.shaded.io.netty.util.concurrent.DefaultPromise.notifyListener0(DefaultPromise.java:603)
	at io.grpc.netty.shaded.io.netty.util.concurrent.DefaultPromise.notifyListeners0(DefaultPromise.java:596)
	at io.grpc.netty.shaded.io.netty.util.concurrent.DefaultPromise.notifyListenersNow(DefaultPromise.java:572)
	at io.grpc.netty.shaded.io.netty.util.concurrent.DefaultPromise.notifyListeners(DefaultPromise.java:505)
	at io.grpc.netty.shaded.io.netty.util.concurrent.DefaultPromise.setValue0(DefaultPromise.java:649)
	at io.grpc.netty.shaded.io.netty.util.concurrent.DefaultPromise.setSuccess0(DefaultPromise.java:638)
	at io.grpc.netty.shaded.io.netty.util.concurrent.DefaultPromise.trySuccess(DefaultPromise.java:118)
	at io.grpc.netty.shaded.io.netty.channel.DefaultChannelPromise.trySuccess(DefaultChannelPromise.java:84)
	at io.grpc.netty.shaded.io.netty.channel.AbstractChannel$CloseFuture.setClosed(AbstractChannel.java:1161)
	at io.grpc.netty.shaded.io.netty.channel.AbstractChannel$AbstractUnsafe.doClose0(AbstractChannel.java:753)
	at io.grpc.netty.shaded.io.netty.channel.AbstractChannel$AbstractUnsafe.close(AbstractChannel.java:729)
	at io.grpc.netty.shaded.io.netty.channel.AbstractChannel$AbstractUnsafe.close(AbstractChannel.java:619)
	at io.grpc.netty.shaded.io.netty.channel.epoll.AbstractEpollChannel$AbstractEpollUnsafe.shutdownInput(AbstractEpollChannel.java:522)
	at io.grpc.netty.shaded.io.netty.channel.epoll.AbstractEpollStreamChannel$EpollStreamUnsafe.epollInReady(AbstractEpollStreamChannel.java:822)
	at io.grpc.netty.shaded.io.netty.channel.epoll.EpollEventLoop.processReady(EpollEventLoop.java:501)
	at io.grpc.netty.shaded.io.netty.channel.epoll.EpollEventLoop.run(EpollEventLoop.java:399)
	at io.grpc.netty.shaded.io.netty.util.concurrent.SingleThreadEventExecutor$4.run(SingleThreadEventExecutor.java:998)
	at io.grpc.netty.shaded.io.netty.util.internal.ThreadExecutorMap$2.run(ThreadExecutorMap.java:74)
	at io.grpc.netty.shaded.io.netty.util.concurrent.FastThreadLocalRunnable.run(FastThreadLocalRunnable.java:30)
	at java.base/java.lang.Thread.run(Thread.java:840)
2026-10-02 12:10:48,660 INFO [1790914142704_172.19.0.1_44206]client disconnected,clear config listen context

2026-10-02 12:10:48,665 INFO Connection transportTerminated,connectionId = 1790914111148_172.19.0.1_48016 

2026-10-02 12:10:48,666 WARN [1790914111148_172.19.0.1_48016] connection  close bi stream exception  : {}

java.lang.IllegalStateException: call already closed
	at com.google.common.base.Preconditions.checkState(Preconditions.java:513)
	at io.grpc.internal.ServerCallImpl.closeInternal(ServerCallImpl.java:218)
	at io.grpc.internal.ServerCallImpl.close(ServerCallImpl.java:213)
	at io.grpc.stub.ServerCalls$ServerCallStreamObserverImpl.onCompleted(ServerCalls.java:396)
	at com.alibaba.nacos.core.remote.grpc.GrpcConnection.closeBiStream(GrpcConnection.java:221)
	at com.alibaba.nacos.core.remote.grpc.GrpcConnection.close(GrpcConnection.java:204)
	at com.alibaba.nacos.core.remote.ConnectionManager.unregister(ConnectionManager.java:164)
	at com.alibaba.nacos.core.remote.grpc.AddressTransportFilter.transportTerminated(AddressTransportFilter.java:78)
	at io.grpc.internal.ServerImpl$ServerTransportListenerImpl.transportTerminated(ServerImpl.java:456)
	at io.grpc.netty.shaded.io.grpc.netty.NettyServerTransport.notifyTerminated(NettyServerTransport.java:216)
	at io.grpc.netty.shaded.io.grpc.netty.NettyServerTransport.access$100(NettyServerTransport.java:51)
	at io.grpc.netty.shaded.io.grpc.netty.NettyServerTransport$1TerminationNotifier.operationComplete(NettyServerTransport.java:150)
	at io.grpc.netty.shaded.io.grpc.netty.NettyServerTransport$1TerminationNotifier.operationComplete(NettyServerTransport.java:143)
	at io.grpc.netty.shaded.io.netty.util.concurrent.DefaultPromise.notifyListener0(DefaultPromise.java:603)
	at io.grpc.netty.shaded.io.netty.util.concurrent.DefaultPromise.notifyListeners0(DefaultPromise.java:596)
	at io.grpc.netty.shaded.io.netty.util.concurrent.DefaultPromise.notifyListenersNow(DefaultPromise.java:572)
	at io.grpc.netty.shaded.io.netty.util.concurrent.DefaultPromise.notifyListeners(DefaultPromise.java:505)
	at io.grpc.netty.shaded.io.netty.util.concurrent.DefaultPromise.setValue0(DefaultPromise.java:649)
	at io.grpc.netty.shaded.io.netty.util.concurrent.DefaultPromise.setSuccess0(DefaultPromise.java:638)
	at io.grpc.netty.shaded.io.netty.util.concurrent.DefaultPromise.trySuccess(DefaultPromise.java:118)
	at io.grpc.netty.shaded.io.netty.channel.DefaultChannelPromise.trySuccess(DefaultChannelPromise.java:84)
	at io.grpc.netty.shaded.io.netty.channel.AbstractChannel$CloseFuture.setClosed(AbstractChannel.java:1161)
	at io.grpc.netty.shaded.io.netty.channel.AbstractChannel$AbstractUnsafe.doClose0(AbstractChannel.java:753)
	at io.grpc.netty.shaded.io.netty.channel.AbstractChannel$AbstractUnsafe.close(AbstractChannel.java:729)
	at io.grpc.netty.shaded.io.netty.channel.AbstractChannel$AbstractUnsafe.close(AbstractChannel.java:619)
	at io.grpc.netty.shaded.io.netty.channel.epoll.AbstractEpollChannel$AbstractEpollUnsafe.shutdownInput(AbstractEpollChannel.java:522)
	at io.grpc.netty.shaded.io.netty.channel.epoll.AbstractEpollStreamChannel$EpollStreamUnsafe.epollInReady(AbstractEpollStreamChannel.java:822)
	at io.grpc.netty.shaded.io.netty.channel.epoll.EpollEventLoop.processReady(EpollEventLoop.java:501)
	at io.grpc.netty.shaded.io.netty.channel.epoll.EpollEventLoop.run(EpollEventLoop.java:399)
	at io.grpc.netty.shaded.io.netty.util.concurrent.SingleThreadEventExecutor$4.run(SingleThreadEventExecutor.java:998)
	at io.grpc.netty.shaded.io.netty.util.internal.ThreadExecutorMap$2.run(ThreadExecutorMap.java:74)
	at io.grpc.netty.shaded.io.netty.util.concurrent.FastThreadLocalRunnable.run(FastThreadLocalRunnable.java:30)
	at java.base/java.lang.Thread.run(Thread.java:840)
2026-10-02 12:10:48,667 INFO [1790914111148_172.19.0.1_48016]client disconnected,clear config listen context

